Archive member included to satisfy reference by file (symbol)

../libs/oled/OLED/libOLED.a(OLED_1in3_c.c.o)
                              CMakeFiles/untamo.dir/oled.c.o (OLED_1in3_C_Init)
../libs/oled/GUI/libGUI.a(GUI_Paint.c.o)
                              CMakeFiles/untamo.dir/oled.c.o (Paint_NewImage)
../libs/oled/Config/libConfig.a(DEV_Config.c.o)
                              ../libs/oled/OLED/libOLED.a(OLED_1in3_c.c.o) (DEV_Digital_Write)
../libs/oled/Fonts/libFonts.a(font12.c.o)
                              CMakeFiles/untamo.dir/oled.c.o (Font12)
../libs/oled/Fonts/libFonts.a(font24.c.o)
                              CMakeFiles/untamo.dir/oled.c.o (Font24)
/usr/lib/gcc/arm-none-eabi/10.3.1/thumb/v8-m.main+fp/softfp/libgcc.a(_arm_addsubdf3.o)
                              CMakeFiles/untamo.dir/basic_reading.c.o (__aeabi_f2d)
/usr/lib/gcc/arm-none-eabi/10.3.1/thumb/v8-m.main+fp/softfp/libgcc.a(_aeabi_ldivmod.o)
                              CMakeFiles/untamo.dir/home/bryy/.pico-sdk/sdk/2.3.0/src/common/pico_time/time.c.o (__aeabi_ldivmod)
/usr/lib/gcc/arm-none-eabi/10.3.1/thumb/v8-m.main+fp/softfp/libgcc.a(_aeabi_uldivmod.o)
                              CMakeFiles/untamo.dir/home/bryy/.pico-sdk/sdk/2.3.0/src/rp2_common/hardware_clocks/clocks.c.o (__aeabi_uldivmod)
/usr/lib/gcc/arm-none-eabi/10.3.1/thumb/v8-m.main+fp/softfp/libgcc.a(_udivmoddi4.o)
                              /usr/lib/gcc/arm-none-eabi/10.3.1/thumb/v8-m.main+fp/softfp/libgcc.a(_aeabi_ldivmod.o) (__udivmoddi4)
/usr/lib/gcc/arm-none-eabi/10.3.1/thumb/v8-m.main+fp/softfp/libgcc.a(_dvmd_tls.o)
                              /usr/lib/gcc/arm-none-eabi/10.3.1/thumb/v8-m.main+fp/softfp/libgcc.a(_aeabi_ldivmod.o) (__aeabi_ldiv0)
/usr/lib/gcc/arm-none-eabi/10.3.1/../../../arm-none-eabi/lib/thumb/v8-m.main+fp/softfp/libg.a(lib_a-calloc.o)
                              CMakeFiles/untamo.dir/home/bryy/.pico-sdk/sdk/2.3.0/src/rp2_common/pico_malloc/malloc.c.o (calloc)
/usr/lib/gcc/arm-none-eabi/10.3.1/../../../arm-none-eabi/lib/thumb/v8-m.main+fp/softfp/libg.a(lib_a-callocr.o)
                              /usr/lib/gcc/arm-none-eabi/10.3.1/../../../arm-none-eabi/lib/thumb/v8-m.main+fp/softfp/libg.a(lib_a-calloc.o) (_calloc_r)
/usr/lib/gcc/arm-none-eabi/10.3.1/../../../arm-none-eabi/lib/thumb/v8-m.main+fp/softfp/libg.a(lib_a-impure.o)
                              /usr/lib/gcc/arm-none-eabi/10.3.1/../../../arm-none-eabi/lib/thumb/v8-m.main+fp/softfp/libg.a(lib_a-calloc.o) (_impure_ptr)
/usr/lib/gcc/arm-none-eabi/10.3.1/../../../arm-none-eabi/lib/thumb/v8-m.main+fp/softfp/libg.a(lib_a-lcltime_r.o)
                              CMakeFiles/untamo.dir/home/bryy/.pico-sdk/sdk/2.3.0/src/common/pico_util/datetime.c.o (localtime_r)
/usr/lib/gcc/arm-none-eabi/10.3.1/../../../arm-none-eabi/lib/thumb/v8-m.main+fp/softfp/libg.a(lib_a-malloc.o)
                              CMakeFiles/untamo.dir/home/bryy/.pico-sdk/sdk/2.3.0/src/rp2_common/pico_malloc/malloc.c.o (malloc)
/usr/lib/gcc/arm-none-eabi/10.3.1/../../../arm-none-eabi/lib/thumb/v8-m.main+fp/softfp/libg.a(lib_a-mallocr.o)
                              /usr/lib/gcc/arm-none-eabi/10.3.1/../../../arm-none-eabi/lib/thumb/v8-m.main+fp/softfp/libg.a(lib_a-callocr.o) (_malloc_r)
/usr/lib/gcc/arm-none-eabi/10.3.1/../../../arm-none-eabi/lib/thumb/v8-m.main+fp/softfp/libg.a(lib_a-memcmp.o)
                              CMakeFiles/untamo.dir/home/bryy/.pico-sdk/sdk/2.3.0/src/rp2_common/pico_atomic/atomic.c.o (memcmp)
/usr/lib/gcc/arm-none-eabi/10.3.1/../../../arm-none-eabi/lib/thumb/v8-m.main+fp/softfp/libg.a(lib_a-memcpy.o)
                              CMakeFiles/untamo.dir/home/bryy/.pico-sdk/sdk/2.3.0/src/common/pico_util/queue.c.o (memcpy)
/usr/lib/gcc/arm-none-eabi/10.3.1/../../../arm-none-eabi/lib/thumb/v8-m.main+fp/softfp/libg.a(lib_a-memset.o)
                              CMakeFiles/untamo.dir/home/bryy/.pico-sdk/sdk/2.3.0/lib/tinyusb/src/portable/raspberrypi/rp2040/dcd_rp2040.c.o (memset)
/usr/lib/gcc/arm-none-eabi/10.3.1/../../../arm-none-eabi/lib/thumb/v8-m.main+fp/softfp/libg.a(lib_a-mktime.o)
                              CMakeFiles/untamo.dir/home/bryy/.pico-sdk/sdk/2.3.0/src/common/pico_util/datetime.c.o (mktime)
/usr/lib/gcc/arm-none-eabi/10.3.1/../../../arm-none-eabi/lib/thumb/v8-m.main+fp/softfp/libg.a(lib_a-mlock.o)
                              /usr/lib/gcc/arm-none-eabi/10.3.1/../../../arm-none-eabi/lib/thumb/v8-m.main+fp/softfp/libg.a(lib_a-mallocr.o) (__malloc_lock)
/usr/lib/gcc/arm-none-eabi/10.3.1/../../../arm-none-eabi/lib/thumb/v8-m.main+fp/softfp/libg.a(lib_a-month_lengths.o)
                              /usr/lib/gcc/arm-none-eabi/10.3.1/../../../arm-none-eabi/lib/thumb/v8-m.main+fp/softfp/libg.a(lib_a-lcltime_r.o) (__month_lengths)
/usr/lib/gcc/arm-none-eabi/10.3.1/../../../arm-none-eabi/lib/thumb/v8-m.main+fp/softfp/libg.a(lib_a-realloc.o)
                              CMakeFiles/untamo.dir/home/bryy/.pico-sdk/sdk/2.3.0/src/rp2_common/pico_malloc/malloc.c.o (realloc)
[...]
Memory Configuration

Name             Origin             Length             Attributes
FLASH            0x0000000010000000 0x0000000000400000 xr
PSRAM            0x0000000011000000 0x0000000000000000 xrw
XIP_RAM          0x0000000013ffc000 0x0000000000004000 xrw
RAM              0x0000000020000000 0x0000000000080000 xrw
SCRATCH_X        0x0000000020080000 0x0000000000001000 xrw
SCRATCH_Y        0x0000000020081000 0x0000000000001000 xrw
*default*        0x0000000000000000 0xffffffffffffffff

Linker script and memory map

                0x0000000020000000                RAM_ORIGIN_DEFAULT = 0x20000000
                0x0000000000080000                RAM_LENGTH_DEFAULT = 0x80000
                0x0000000020080000                SCRATCH_X_ORIGIN_DEFAULT = 0x20080000
                0x0000000000001000                SCRATCH_X_LENGTH_DEFAULT = 0x1000
                0x0000000020081000                SCRATCH_Y_ORIGIN_DEFAULT = 0x20081000
                0x0000000000001000                SCRATCH_Y_LENGTH_DEFAULT = 0x1000
                0x0000000013ffc000                XIP_RAM_ORIGIN_DEFAULT = 0x13ffc000
                0x0000000000004000                XIP_RAM_LENGTH_DEFAULT = 0x4000
LOAD CMakeFiles/untamo.dir/main.c.o
LOAD CMakeFiles/untamo.dir/noods.c.o
LOAD CMakeFiles/untamo.dir/oled.c.o
LOAD CMakeFiles/untamo.dir/basic_reading.c.o
LOAD CMakeFiles/untamo.dir/home/bryy/.pico-sdk/sdk/2.3.0/src/rp2_common/pico_stdlib/stdlib.c.o
LOAD CMakeFiles/untamo.dir/home/bryy/.pico-sdk/sdk/2.3.0/src/rp2_common/hardware_gpio/gpio.c.o
LOAD CMakeFiles/untamo.dir/home/bryy/.pico-sdk/sdk/2.3.0/src/rp2350/pico_platform/platform.c.o
LOAD CMakeFiles/untamo.dir/home/bryy/.pico-sdk/sdk/2.3.0/src/rp2_common/pico_platform_common/common.c.o
LOAD CMakeFiles/untamo.dir/home/bryy/.pico-sdk/sdk/2.3.0/src/rp2_common/pico_platform_panic/panic.c.o
LOAD CMakeFiles/untamo.dir/home/bryy/.pico-sdk/sdk/2.3.0/src/rp2_common/pico_platform_panic/custom_panic_function.S.o
LOAD CMakeFiles/untamo.dir/home/bryy/.pico-sdk/sdk/2.3.0/src/common/hardware_claim/claim.c.o
LOAD CMakeFiles/untamo.dir/home/bryy/.pico-sdk/sdk/2.3.0/src/rp2_common/hardware_sync/sync.c.o
LOAD CMakeFiles/untamo.dir/home/bryy/.pico-sdk/sdk/2.3.0/src/rp2_common/hardware_sync_spin_lock/sync_spin_lock.c.o
LOAD CMakeFiles/untamo.dir/home/bryy/.pico-sdk/sdk/2.3.0/src/rp2_common/hardware_irq/irq.c.o
LOAD CMakeFiles/untamo.dir/home/bryy/.pico-sdk/sdk/2.3.0/src/rp2_common/hardware_irq/irq_handler_chain.S.o
LOAD CMakeFiles/untamo.dir/home/bryy/.pico-sdk/sdk/2.3.0/src/common/pico_sync/sem.c.o
LOAD CMakeFiles/untamo.dir/home/bryy/.pico-sdk/sdk/2.3.0/src/common/pico_sync/lock_core.c.o
LOAD CMakeFiles/untamo.dir/home/bryy/.pico-sdk/sdk/2.3.0/src/common/pico_sync/mutex.c.o
LOAD CMakeFiles/untamo.dir/home/bryy/.pico-sdk/sdk/2.3.0/src/common/pico_sync/critical_section.c.o
LOAD CMakeFiles/untamo.dir/home/bryy/.pico-sdk/sdk/2.3.0/src/common/pico_time/time.c.o
LOAD CMakeFiles/untamo.dir/home/bryy/.pico-sdk/sdk/2.3.0/src/common/pico_time/timeout_helper.c.o
LOAD CMakeFiles/untamo.dir/home/bryy/.pico-sdk/sdk/2.3.0/src/rp2_common/hardware_timer/timer.c.o
LOAD CMakeFiles/untamo.dir/home/bryy/.pico-sdk/sdk/2.3.0/src/common/pico_util/datetime.c.o
LOAD CMakeFiles/untamo.dir/home/bryy/.pico-sdk/sdk/2.3.0/src/common/pico_util/fixed_bitset.c.o
LOAD CMakeFiles/untamo.dir/home/bryy/.pico-sdk/sdk/2.3.0/src/common/pico_util/pheap.c.o
LOAD CMakeFiles/untamo.dir/home/bryy/.pico-sdk/sdk/2.3.0/src/common/pico_util/queue.c.o
LOAD CMakeFiles/untamo.dir/home/bryy/.pico-sdk/sdk/2.3.0/src/rp2_common/hardware_uart/uart.c.o
LOAD CMakeFiles/untamo.dir/home/bryy/.pico-sdk/sdk/2.3.0/src/rp2_common/hardware_clocks/clocks.c.o
LOAD CMakeFiles/untamo.dir/home/bryy/.pico-sdk/sdk/2.3.0/src/rp2_common/hardware_pll/pll.c.o
LOAD CMakeFiles/untamo.dir/home/bryy/.pico-sdk/sdk/2.3.0/src/rp2_common/hardware_vreg/vreg.c.o
LOAD CMakeFiles/untamo.dir/home/bryy/.pico-sdk/sdk/2.3.0/src/rp2_common/hardware_watchdog/watchdog.c.o
LOAD CMakeFiles/untamo.dir/home/bryy/.pico-sdk/sdk/2.3.0/src/rp2_common/hardware_ticks/ticks.c.o
LOAD CMakeFiles/untamo.dir/home/bryy/.pico-sdk/sdk/2.3.0/src/rp2_common/pico_bootrom/bootrom.c.o
LOAD CMakeFiles/untamo.dir/home/bryy/.pico-sdk/sdk/2.3.0/src/rp2_common/pico_bootrom/bootrom_lock.c.o
LOAD CMakeFiles/untamo.dir/home/bryy/.pico-sdk/sdk/2.3.0/src/rp2_common/hardware_boot_lock/boot_lock.c.o
LOAD CMakeFiles/untamo.dir/home/bryy/.pico-sdk/sdk/2.3.0/src/rp2_common/pico_flash/flash.c.o
LOAD CMakeFiles/untamo.dir/home/bryy/.pico-sdk/sdk/2.3.0/src/rp2_common/hardware_xosc/xosc.c.o
LOAD CMakeFiles/untamo.dir/home/bryy/.pico-sdk/sdk/2.3.0/src/rp2_common/hardware_divider/divider.c.o
LOAD CMakeFiles/untamo.dir/home/bryy/.pico-sdk/sdk/2.3.0/src/rp2_common/pico_runtime/runtime.c.o
LOAD CMakeFiles/untamo.dir/home/bryy/.pico-sdk/sdk/2.3.0/src/rp2_common/pico_runtime_init/runtime_init.c.o
LOAD CMakeFiles/untamo.dir/home/bryy/.pico-sdk/sdk/2.3.0/src/rp2_common/pico_runtime_init/runtime_init_clocks.c.o
LOAD CMakeFiles/untamo.dir/home/bryy/.pico-sdk/sdk/2.3.0/src/rp2_common/pico_runtime_init/runtime_init_stack_guard.c.o
LOAD CMakeFiles/untamo.dir/home/bryy/.pico-sdk/sdk/2.3.0/src/rp2_common/pico_bit_ops/bit_ops_aeabi.S.o
LOAD CMakeFiles/untamo.dir/home/bryy/.pico-sdk/sdk/2.3.0/src/rp2_common/pico_divider/divider_compiler.c.o
LOAD CMakeFiles/untamo.dir/home/bryy/.pico-sdk/sdk/2.3.0/src/rp2_common/pico_double/double_math.c.o
LOAD CMakeFiles/untamo.dir/home/bryy/.pico-sdk/sdk/2.3.0/src/rp2_common/pico_double/double_aeabi_dcp.S.o
LOAD CMakeFiles/untamo.dir/home/bryy/.pico-sdk/sdk/2.3.0/src/rp2_common/pico_double/double_fma_dcp.S.o
LOAD CMakeFiles/untamo.dir/home/bryy/.pico-sdk/sdk/2.3.0/src/rp2_common/pico_double/double_sci_m33.S.o
LOAD CMakeFiles/untamo.dir/home/bryy/.pico-sdk/sdk/2.3.0/src/rp2_common/pico_double/double_conv_m33.S.o
LOAD CMakeFiles/untamo.dir/home/bryy/.pico-sdk/sdk/2.3.0/src/rp2_common/pico_float/float_math.c.o
LOAD CMakeFiles/untamo.dir/home/bryy/.pico-sdk/sdk/2.3.0/src/rp2_common/pico_float/float_conv32_vfp.S.o
LOAD CMakeFiles/untamo.dir/home/bryy/.pico-sdk/sdk/2.3.0/src/rp2_common/pico_float/float_common_m33.S.o
LOAD CMakeFiles/untamo.dir/home/bryy/.pico-sdk/sdk/2.3.0/src/rp2_common/pico_float/float_sci_m33_vfp.S.o
LOAD CMakeFiles/untamo.dir/home/bryy/.pico-sdk/sdk/2.3.0/src/rp2_common/pico_malloc/malloc.c.o
LOAD CMakeFiles/untamo.dir/home/bryy/.pico-sdk/sdk/2.3.0/src/rp2_common/pico_atomic/atomic.c.o
LOAD CMakeFiles/untamo.dir/home/bryy/.pico-sdk/sdk/2.3.0/src/rp2_common/pico_cxx_options/new_delete.cpp.o
LOAD CMakeFiles/untamo.dir/home/bryy/.pico-sdk/sdk/2.3.0/src/rp2_common/pico_standard_binary_info/standard_binary_info.c.o
LOAD CMakeFiles/untamo.dir/home/bryy/.pico-sdk/sdk/2.3.0/src/rp2_common/pico_printf/printf.c.o
LOAD CMakeFiles/untamo.dir/home/bryy/.pico-sdk/sdk/2.3.0/src/rp2_common/pico_crt0/crt0.S.o
LOAD CMakeFiles/untamo.dir/home/bryy/.pico-sdk/sdk/2.3.0/src/rp2_common/pico_clib_interface/newlib_interface.c.o
LOAD CMakeFiles/untamo.dir/home/bryy/.pico-sdk/sdk/2.3.0/src/rp2_common/pico_clib_interface/cxa_guard.c.o
LOAD CMakeFiles/untamo.dir/home/bryy/.pico-sdk/sdk/2.3.0/src/rp2_common/pico_stdio/stdio.c.o
LOAD CMakeFiles/untamo.dir/home/bryy/.pico-sdk/sdk/2.3.0/src/rp2_common/pico_stdio_usb/stdio_usb.c.o
LOAD CMakeFiles/untamo.dir/home/bryy/.pico-sdk/sdk/2.3.0/src/rp2_common/pico_stdio_usb/stdio_usb_descriptors.c.o
LOAD CMakeFiles/untamo.dir/home/bryy/.pico-sdk/sdk/2.3.0/src/rp2_common/pico_unique_id/unique_id.c.o
LOAD CMakeFiles/untamo.dir/home/bryy/.pico-sdk/sdk/2.3.0/src/rp2_common/hardware_flash/flash.c.o
LOAD CMakeFiles/untamo.dir/home/bryy/.pico-sdk/sdk/2.3.0/src/rp2_common/hardware_xip_cache/xip_cache.c.o
LOAD CMakeFiles/untamo.dir/home/bryy/.pico-sdk/sdk/2.3.0/src/rp2_common/pico_usb_reset/usb_reset.c.o
LOAD CMakeFiles/untamo.dir/home/bryy/.pico-sdk/sdk/2.3.0/lib/tinyusb/src/portable/raspberrypi/rp2040/dcd_rp2040.c.o
LOAD CMakeFiles/untamo.dir/home/bryy/.pico-sdk/sdk/2.3.0/lib/tinyusb/src/portable/raspberrypi/rp2040/rp2040_usb.c.o
LOAD CMakeFiles/untamo.dir/home/bryy/.pico-sdk/sdk/2.3.0/lib/tinyusb/src/device/usbd.c.o
LOAD CMakeFiles/untamo.dir/home/bryy/.pico-sdk/sdk/2.3.0/lib/tinyusb/src/device/usbd_control.c.o
LOAD CMakeFiles/untamo.dir/home/bryy/.pico-sdk/sdk/2.3.0/lib/tinyusb/src/class/audio/audio_device.c.o
LOAD CMakeFiles/untamo.dir/home/bryy/.pico-sdk/sdk/2.3.0/lib/tinyusb/src/class/cdc/cdc_device.c.o
LOAD CMakeFiles/untamo.dir/home/bryy/.pico-sdk/sdk/2.3.0/lib/tinyusb/src/class/dfu/dfu_device.c.o
LOAD CMakeFiles/untamo.dir/home/bryy/.pico-sdk/sdk/2.3.0/lib/tinyusb/src/class/dfu/dfu_rt_device.c.o
LOAD CMakeFiles/untamo.dir/home/bryy/.pico-sdk/sdk/2.3.0/lib/tinyusb/src/class/hid/hid_device.c.o
LOAD CMakeFiles/untamo.dir/home/bryy/.pico-sdk/sdk/2.3.0/lib/tinyusb/src/class/midi/midi_device.c.o
LOAD CMakeFiles/untamo.dir/home/bryy/.pico-sdk/sdk/2.3.0/lib/tinyusb/src/class/msc/msc_device.c.o
LOAD CMakeFiles/untamo.dir/home/bryy/.pico-sdk/sdk/2.3.0/lib/tinyusb/src/class/net/ecm_rndis_device.c.o
LOAD CMakeFiles/untamo.dir/home/bryy/.pico-sdk/sdk/2.3.0/lib/tinyusb/src/class/net/ncm_device.c.o
LOAD CMakeFiles/untamo.dir/home/bryy/.pico-sdk/sdk/2.3.0/lib/tinyusb/src/class/usbtmc/usbtmc_device.c.o
LOAD CMakeFiles/untamo.dir/home/bryy/.pico-sdk/sdk/2.3.0/lib/tinyusb/src/class/vendor/vendor_device.c.o
LOAD CMakeFiles/untamo.dir/home/bryy/.pico-sdk/sdk/2.3.0/lib/tinyusb/src/class/video/video_device.c.o
LOAD CMakeFiles/untamo.dir/home/bryy/.pico-sdk/sdk/2.3.0/lib/tinyusb/src/tusb.c.o
LOAD CMakeFiles/untamo.dir/home/bryy/.pico-sdk/sdk/2.3.0/lib/tinyusb/src/common/tusb_fifo.c.o
LOAD CMakeFiles/untamo.dir/home/bryy/.pico-sdk/sdk/2.3.0/src/rp2_common/pico_fix/rp2040_usb_device_enumeration/rp2040_usb_device_enumeration.c.o
LOAD CMakeFiles/untamo.dir/home/bryy/.pico-sdk/sdk/2.3.0/src/rp2_common/pico_thread_local/thread_local.c.o
LOAD CMakeFiles/untamo.dir/home/bryy/.pico-sdk/sdk/2.3.0/src/rp2_common/hardware_spi/spi.c.o
LOAD CMakeFiles/untamo.dir/home/bryy/.pico-sdk/sdk/2.3.0/src/rp2_common/hardware_i2c/i2c.c.o
LOAD CMakeFiles/untamo.dir/home/bryy/.pico-sdk/sdk/2.3.0/src/rp2_common/hardware_adc/adc.c.o
LOAD CMakeFiles/untamo.dir/__/libs/pulse/dfrobot_max30102.c.o
LOAD ../pico-sdk/src/rp2350/boot_stage2/CMakeFiles/bs2_default_library.dir/bs2_default_padded.S.o
LOAD ../libs/oled/LCD/libLCD.a
LOAD ../libs/oled/Infrared/libInfrared.a
LOAD ../libs/oled/OLED/libOLED.a
LOAD ../libs/oled/Icm20948/libIcm20948.a
LOAD ../libs/oled/GUI/libGUI.a
LOAD ../libs/oled/Config/libConfig.a
LOAD ../libs/oled/Fonts/libFonts.a
LOAD /usr/lib/gcc/arm-none-eabi/10.3.1/../../../arm-none-eabi/lib/thumb/v8-m.main+fp/softfp/libstdc++.a
LOAD /usr/lib/gcc/arm-none-eabi/10.3.1/../../../arm-none-eabi/lib/thumb/v8-m.main+fp/softfp/libm.a
START GROUP
LOAD /usr/lib/gcc/arm-none-eabi/10.3.1/thumb/v8-m.main+fp/softfp/libgcc.a
LOAD /usr/lib/gcc/arm-none-eabi/10.3.1/../../../arm-none-eabi/lib/thumb/v8-m.main+fp/softfp/libg.a
LOAD /usr/lib/gcc/arm-none-eabi/10.3.1/../../../arm-none-eabi/lib/thumb/v8-m.main+fp/softfp/libc.a
END GROUP
                0x0000000020000000                PROVIDE (RAM_ORIGIN = RAM_ORIGIN_DEFAULT)
                0x0000000000080000                PROVIDE (RAM_LENGTH = RAM_LENGTH_DEFAULT)
                0x0000000020080000                PROVIDE (SCRATCH_X_ORIGIN = SCRATCH_X_ORIGIN_DEFAULT)
                0x0000000000001000                PROVIDE (SCRATCH_X_LENGTH = SCRATCH_X_LENGTH_DEFAULT)
                0x0000000020081000                PROVIDE (SCRATCH_Y_ORIGIN = SCRATCH_Y_ORIGIN_DEFAULT)
                0x0000000000001000                PROVIDE (SCRATCH_Y_LENGTH = SCRATCH_Y_LENGTH_DEFAULT)
                0x0000000013ffc000                PROVIDE (XIP_RAM_ORIGIN = XIP_RAM_ORIGIN_DEFAULT)
                0x0000000000004000                PROVIDE (XIP_RAM_LENGTH = XIP_RAM_LENGTH_DEFAULT)
                0x0000000020000000                RAM_ORIGIN = DEFINED (RAM_ORIGIN)?RAM_ORIGIN:RAM_ORIGIN_DEFAULT
                0x0000000000080000                RAM_LENGTH = DEFINED (RAM_LENGTH)?RAM_LENGTH:RAM_LENGTH_DEFAULT
                0x0000000020080000                SCRATCH_X_ORIGIN = DEFINED (SCRATCH_X_ORIGIN)?SCRATCH_X_ORIGIN:SCRATCH_X_ORIGIN_DEFAULT
                0x0000000000001000                SCRATCH_X_LENGTH = DEFINED (SCRATCH_X_LENGTH)?SCRATCH_X_LENGTH:SCRATCH_X_LENGTH_DEFAULT
                0x0000000020081000                SCRATCH_Y_ORIGIN = DEFINED (SCRATCH_Y_ORIGIN)?SCRATCH_Y_ORIGIN:SCRATCH_Y_ORIGIN_DEFAULT
                0x0000000000001000                SCRATCH_Y_LENGTH = DEFINED (SCRATCH_Y_LENGTH)?SCRATCH_Y_LENGTH:SCRATCH_Y_LENGTH_DEFAULT
                0x0000000013ffc000                XIP_RAM_ORIGIN = DEFINED (XIP_RAM_ORIGIN)?XIP_RAM_ORIGIN:XIP_RAM_ORIGIN_DEFAULT
                0x0000000000004000                XIP_RAM_LENGTH = DEFINED (XIP_RAM_LENGTH)?XIP_RAM_LENGTH:XIP_RAM_LENGTH_DEFAULT

.flash_begin    0x0000000010000000        0x0
                0x0000000010000000                __flash_binary_start = .

.text           0x0000000010000000     0x77ec
                0x0000000010000000                __logical_binary_start = .
 *(.vectors)
 .vectors       0x0000000010000000      0x124 CMakeFiles/untamo.dir/home/bryy/.pico-sdk/sdk/2.3.0/src/rp2_common/pico_crt0/crt0.S.o
                0x0000000010000000                __vectors
                0x0000000010000000                __VECTOR_TABLE
                0x0000000010000110                isr_securefault
                0x0000000010000110                isr_irq30
                0x0000000010000110                __unhandled_user_irq
                0x0000000010000110                isr_irq49
                0x0000000010000110                isr_irq13
                0x0000000010000110                isr_irq43
                0x0000000010000110                isr_irq45
                0x0000000010000110                isr_irq27
                0x0000000010000110                isr_irq32
                0x0000000010000110                isr_irq31
                0x0000000010000110                isr_irq5
                0x0000000010000110                isr_irq11
                0x0000000010000110                isr_irq23
                0x0000000010000110                isr_usagefault
                0x0000000010000110                isr_irq48
                0x0000000010000110                isr_irq35
                0x0000000010000110                isr_irq18
                0x0000000010000110                isr_irq50
                0x0000000010000110                isr_irq40
                0x0000000010000110                isr_irq28
                0x0000000010000110                isr_irq19
                0x0000000010000110                isr_irq36
                0x0000000010000110                isr_irq41
                0x0000000010000110                isr_irq0
                0x0000000010000110                isr_irq6
                0x0000000010000110                isr_memmanage
                0x0000000010000110                isr_irq37
                0x0000000010000110                isr_irq42
                0x0000000010000110                isr_irq22
                0x0000000010000110                isr_irq17
                0x0000000010000110                isr_irq38
                0x0000000010000110                isr_irq14
                0x0000000010000110                __vectors_end
                0x0000000010000110                __default_isrs_start
                0x0000000010000110                isr_irq2
                0x0000000010000110                isr_irq10
                0x0000000010000110                isr_irq8
                0x0000000010000110                isr_debugmonitor
                0x0000000010000110                isr_irq24
                0x0000000010000110                isr_irq46
                0x0000000010000110                isr_irq1
                0x0000000010000110                isr_irq47
                0x0000000010000110                isr_irq51
                0x0000000010000110                isr_irq7
                0x0000000010000110                isr_irq21
                0x0000000010000110                isr_irq39
                0x0000000010000110                isr_irq20
                0x0000000010000110                isr_irq15
                0x0000000010000110                isr_irq25
                0x0000000010000110                isr_irq34
                0x0000000010000110                isr_irq4
                0x0000000010000110                isr_busfault
                0x0000000010000110                isr_irq16
                0x0000000010000110                isr_irq44
                0x0000000010000110                isr_irq29
                0x0000000010000110                isr_irq26
                0x0000000010000110                isr_irq33
                0x0000000010000110                isr_irq3
                0x0000000010000110                isr_irq12
                0x0000000010000110                isr_irq9
                0x0000000010000116                unhandled_user_irq_num_in_r0
                0x0000000010000118                isr_invalid
                0x000000001000011a                isr_nmi
                0x000000001000011c                isr_hardfault
                0x000000001000011e                isr_svcall
                0x0000000010000120                isr_pendsv
                0x0000000010000122                isr_systick
                0x0000000010000124                __default_isrs_end
 *(.binary_info_header)
 .binary_info_header
                0x0000000010000124       0x14 CMakeFiles/untamo.dir/home/bryy/.pico-sdk/sdk/2.3.0/src/rp2_common/pico_crt0/crt0.S.o
                0x0000000010000138                __binary_info_header_end = .
 *(.embedded_block)
 .embedded_block
                0x0000000010000138       0x14 CMakeFiles/untamo.dir/home/bryy/.pico-sdk/sdk/2.3.0/src/rp2_common/pico_crt0/crt0.S.o
                0x000000001000014c                __embedded_block_end = .
 *(.reset)
 .reset         0x000000001000014c       0x94 CMakeFiles/untamo.dir/home/bryy/.pico-sdk/sdk/2.3.0/src/rp2_common/pico_crt0/crt0.S.o
                0x000000001000014c                _entry_point
 *(.init)
 *libgcc.a:cmse_nonsecure_call.o()
 *(EXCLUDE_FILE(*libm.a: *lib*_a-mem*.o *libc.a: *libgcc.a:) .text*)
 .text.gpio_callback
                0x00000000100001e0       0x18 CMakeFiles/untamo.dir/main.c.o
                0x00000000100001e0                gpio_callback
 .text.present_error
                0x00000000100001f8       0x38 CMakeFiles/untamo.dir/main.c.o
                0x00000000100001f8                present_error
 .text.startup.main
                0x0000000010000230      0x190 CMakeFiles/untamo.dir/main.c.o
                0x0000000010000230                main
 .text.on_blink
                0x00000000100003c0       0x74 CMakeFiles/untamo.dir/noods.c.o
                0x00000000100003c0                on_blink
 .text.on_wakeup
                0x0000000010000434       0x64 CMakeFiles/untamo.dir/noods.c.o
                0x0000000010000434                on_wakeup
 .text.init_nood
                0x0000000010000498       0x14 CMakeFiles/untamo.dir/noods.c.o
                0x0000000010000498                init_nood
 .text.set_nood
                0x00000000100004ac       0xbc CMakeFiles/untamo.dir/noods.c.o
                0x00000000100004ac                set_nood
 .text.stop_nood
                0x0000000010000568       0x4c CMakeFiles/untamo.dir/noods.c.o
                0x0000000010000568                stop_nood
 .text.init_display
                0x00000000100005b4       0x3c CMakeFiles/untamo.dir/oled.c.o
                0x00000000100005b4                init_display
 .text.set_time
                0x00000000100005f0      0x360 CMakeFiles/untamo.dir/oled.c.o
                0x00000000100005f0                set_time
 .text.gpio_default_irq_handler
                0x0000000010000950      0x1c4 CMakeFiles/untamo.dir/home/bryy/.pico-sdk/sdk/2.3.0/src/rp2_common/hardware_gpio/gpio.c.o
 .text.gpio_set_function
                0x0000000010000b14       0x3c CMakeFiles/untamo.dir/home/bryy/.pico-sdk/sdk/2.3.0/src/rp2_common/hardware_gpio/gpio.c.o
                0x0000000010000b14                gpio_set_function
 .text.gpio_set_pulls
                0x0000000010000b50       0x34 CMakeFiles/untamo.dir/home/bryy/.pico-sdk/sdk/2.3.0/src/rp2_common/hardware_gpio/gpio.c.o
                0x0000000010000b50                gpio_set_pulls
 .text.gpio_set_irq_enabled_with_callback
                0x0000000010000b84      0x100 CMakeFiles/untamo.dir/home/bryy/.pico-sdk/sdk/2.3.0/src/rp2_common/hardware_gpio/gpio.c.o
                0x0000000010000b84                gpio_set_irq_enabled_with_callback
 .text.gpio_init
                0x0000000010000c84       0x44 CMakeFiles/untamo.dir/home/bryy/.pico-sdk/sdk/2.3.0/src/rp2_common/hardware_gpio/gpio.c.o
                0x0000000010000c84                gpio_init
 .text.panic    0x0000000010000cc8       0x30 CMakeFiles/untamo.dir/home/bryy/.pico-sdk/sdk/2.3.0/src/rp2_common/pico_platform_panic/panic.c.o
                0x0000000010000cc8                panic
 .text.hw_claim_or_assert
                0x0000000010000cf8       0x5c CMakeFiles/untamo.dir/home/bryy/.pico-sdk/sdk/2.3.0/src/common/hardware_claim/claim.c.o
                0x0000000010000cf8                hw_claim_or_assert
 .text.hw_claim_unused_from_range
                0x0000000010000d54       0x9c CMakeFiles/untamo.dir/home/bryy/.pico-sdk/sdk/2.3.0/src/common/hardware_claim/claim.c.o
                0x0000000010000d54                hw_claim_unused_from_range
 .text.next_striped_spin_lock_num
                0x0000000010000df0       0x18 CMakeFiles/untamo.dir/home/bryy/.pico-sdk/sdk/2.3.0/src/rp2_common/hardware_sync/sync.c.o
                0x0000000010000df0                next_striped_spin_lock_num
 .text.spin_lock_claim_unused
                0x0000000010000e08       0x20 CMakeFiles/untamo.dir/home/bryy/.pico-sdk/sdk/2.3.0/src/rp2_common/hardware_sync/sync.c.o
                0x0000000010000e08                spin_lock_claim_unused
 .text.spinlock_set_extexclall
                0x0000000010000e28       0x10 CMakeFiles/untamo.dir/home/bryy/.pico-sdk/sdk/2.3.0/src/rp2_common/hardware_sync_spin_lock/sync_spin_lock.c.o
 .text.spin_locks_reset
                0x0000000010000e38       0x18 CMakeFiles/untamo.dir/home/bryy/.pico-sdk/sdk/2.3.0/src/rp2_common/hardware_sync_spin_lock/sync_spin_lock.c.o
                0x0000000010000e38                spin_locks_reset
 .text.runtime_init_per_core_irq_priorities
                0x0000000010000e50       0x40 CMakeFiles/untamo.dir/home/bryy/.pico-sdk/sdk/2.3.0/src/rp2_common/hardware_irq/irq.c.o
                0x0000000010000e50                runtime_init_per_core_irq_priorities
 .text.irq_set_enabled
                0x0000000010000e90       0x2c CMakeFiles/untamo.dir/home/bryy/.pico-sdk/sdk/2.3.0/src/rp2_common/hardware_irq/irq.c.o
                0x0000000010000e90                irq_set_enabled
 .text.irq_is_enabled
                0x0000000010000ebc       0x20 CMakeFiles/untamo.dir/home/bryy/.pico-sdk/sdk/2.3.0/src/rp2_common/hardware_irq/irq.c.o
                0x0000000010000ebc                irq_is_enabled
 .text.irq_set_pending
                0x0000000010000edc       0x1c CMakeFiles/untamo.dir/home/bryy/.pico-sdk/sdk/2.3.0/src/rp2_common/hardware_irq/irq.c.o
                0x0000000010000edc                irq_set_pending
 .text.irq_has_shared_handler
                0x0000000010000ef8       0x20 CMakeFiles/untamo.dir/home/bryy/.pico-sdk/sdk/2.3.0/src/rp2_common/hardware_irq/irq.c.o
                0x0000000010000ef8                irq_has_shared_handler
 .text.irq_set_exclusive_handler
                0x0000000010000f18       0x5c CMakeFiles/untamo.dir/home/bryy/.pico-sdk/sdk/2.3.0/src/rp2_common/hardware_irq/irq.c.o
                0x0000000010000f18                irq_set_exclusive_handler
 .text.irq_add_shared_handler
                0x0000000010000f74      0x1e8 CMakeFiles/untamo.dir/home/bryy/.pico-sdk/sdk/2.3.0/src/rp2_common/hardware_irq/irq.c.o
                0x0000000010000f74                irq_add_shared_handler
 .text.irq_remove_handler
                0x000000001000115c      0x1d0 CMakeFiles/untamo.dir/home/bryy/.pico-sdk/sdk/2.3.0/src/rp2_common/hardware_irq/irq.c.o
                0x000000001000115c                irq_remove_handler
 .text.irq_add_tail_to_free_list
                0x000000001000132c       0xd4 CMakeFiles/untamo.dir/home/bryy/.pico-sdk/sdk/2.3.0/src/rp2_common/hardware_irq/irq.c.o
                0x000000001000132c                irq_add_tail_to_free_list
 .text.user_irq_claim_unused
                0x0000000010001400       0x28 CMakeFiles/untamo.dir/home/bryy/.pico-sdk/sdk/2.3.0/src/rp2_common/hardware_irq/irq.c.o
                0x0000000010001400                user_irq_claim_unused
 .text.lock_init
                0x0000000010001428        0xc CMakeFiles/untamo.dir/home/bryy/.pico-sdk/sdk/2.3.0/src/common/pico_sync/lock_core.c.o
                0x0000000010001428                lock_init
 .text.runtime_init_mutex
                0x0000000010001434       0x54 CMakeFiles/untamo.dir/home/bryy/.pico-sdk/sdk/2.3.0/src/common/pico_sync/mutex.c.o
                0x0000000010001434                runtime_init_mutex
 .text.mutex_init
                0x0000000010001488       0x1c CMakeFiles/untamo.dir/home/bryy/.pico-sdk/sdk/2.3.0/src/common/pico_sync/mutex.c.o
                0x0000000010001488                mutex_init
 .text.critical_section_init
                0x00000000100014a4       0x1c CMakeFiles/untamo.dir/home/bryy/.pico-sdk/sdk/2.3.0/src/common/pico_sync/critical_section.c.o
                0x00000000100014a4                critical_section_init
 .text.critical_section_init_with_lock_num
                0x00000000100014c0       0x10 CMakeFiles/untamo.dir/home/bryy/.pico-sdk/sdk/2.3.0/src/common/pico_sync/critical_section.c.o
                0x00000000100014c0                critical_section_init_with_lock_num
 .text.sleep_until_callback
                0x00000000100014d0       0x4c CMakeFiles/untamo.dir/home/bryy/.pico-sdk/sdk/2.3.0/src/common/pico_time/time.c.o
 *fill*         0x000000001000151c        0x4 
 .text.alarm_pool_irq_handler
                0x0000000010001520      0x300 CMakeFiles/untamo.dir/home/bryy/.pico-sdk/sdk/2.3.0/src/common/pico_time/time.c.o
 .text.runtime_init_default_alarm_pool
                0x0000000010001820      0x100 CMakeFiles/untamo.dir/home/bryy/.pico-sdk/sdk/2.3.0/src/common/pico_time/time.c.o
                0x0000000010001820                runtime_init_default_alarm_pool
 .text.alarm_pool_get_default
                0x0000000010001920        0x8 CMakeFiles/untamo.dir/home/bryy/.pico-sdk/sdk/2.3.0/src/common/pico_time/time.c.o
                0x0000000010001920                alarm_pool_get_default
 .text.alarm_pool_add_alarm_at
                0x0000000010001928       0xdc CMakeFiles/untamo.dir/home/bryy/.pico-sdk/sdk/2.3.0/src/common/pico_time/time.c.o
                0x0000000010001928                alarm_pool_add_alarm_at
 .text.alarm_pool_add_alarm_at_force_in_context
                0x0000000010001a04       0xc4 CMakeFiles/untamo.dir/home/bryy/.pico-sdk/sdk/2.3.0/src/common/pico_time/time.c.o
                0x0000000010001a04                alarm_pool_add_alarm_at_force_in_context
 .text.alarm_pool_cancel_alarm
                0x0000000010001ac8       0x80 CMakeFiles/untamo.dir/home/bryy/.pico-sdk/sdk/2.3.0/src/common/pico_time/time.c.o
                0x0000000010001ac8                alarm_pool_cancel_alarm
 .text.alarm_pool_core_num
                0x0000000010001b48        0x4 CMakeFiles/untamo.dir/home/bryy/.pico-sdk/sdk/2.3.0/src/common/pico_time/time.c.o
                0x0000000010001b48                alarm_pool_core_num
 .text.sleep_until
                0x0000000010001b4c       0xd4 CMakeFiles/untamo.dir/home/bryy/.pico-sdk/sdk/2.3.0/src/common/pico_time/time.c.o
                0x0000000010001b4c                sleep_until
 .text.sleep_ms
                0x0000000010001c20       0x24 CMakeFiles/untamo.dir/home/bryy/.pico-sdk/sdk/2.3.0/src/common/pico_time/time.c.o
                0x0000000010001c20                sleep_ms
 .text.best_effort_wfe_or_timeout
                0x0000000010001c44       0xf0 CMakeFiles/untamo.dir/home/bryy/.pico-sdk/sdk/2.3.0/src/common/pico_time/time.c.o
                0x0000000010001c44                best_effort_wfe_or_timeout
 .text.timer_hardware_alarm_claim
                0x0000000010001d34       0x24 CMakeFiles/untamo.dir/home/bryy/.pico-sdk/sdk/2.3.0/src/rp2_common/hardware_timer/timer.c.o
                0x0000000010001d34                timer_hardware_alarm_claim
 .text.timer_time_us_64
                0x0000000010001d58       0x10 CMakeFiles/untamo.dir/home/bryy/.pico-sdk/sdk/2.3.0/src/rp2_common/hardware_timer/timer.c.o
                0x0000000010001d58                timer_time_us_64
 .text.time_us_64
                0x0000000010001d68       0x14 CMakeFiles/untamo.dir/home/bryy/.pico-sdk/sdk/2.3.0/src/rp2_common/hardware_timer/timer.c.o
                0x0000000010001d68                time_us_64
 .text.busy_wait_until
                0x0000000010001d7c       0x24 CMakeFiles/untamo.dir/home/bryy/.pico-sdk/sdk/2.3.0/src/rp2_common/hardware_timer/timer.c.o
                0x0000000010001d7c                busy_wait_until
 .text.clock_configure_undivided
                0x0000000010001da0       0xd0 CMakeFiles/untamo.dir/home/bryy/.pico-sdk/sdk/2.3.0/src/rp2_common/hardware_clocks/clocks.c.o
                0x0000000010001da0                clock_configure_undivided
 .text.clock_get_hz
                0x0000000010001e70        0xc CMakeFiles/untamo.dir/home/bryy/.pico-sdk/sdk/2.3.0/src/rp2_common/hardware_clocks/clocks.c.o
                0x0000000010001e70                clock_get_hz
 .text.pll_init
                0x0000000010001e7c       0x8c CMakeFiles/untamo.dir/home/bryy/.pico-sdk/sdk/2.3.0/src/rp2_common/hardware_pll/pll.c.o
                0x0000000010001e7c                pll_init
 .text.watchdog_reboot
                0x0000000010001f08       0x9c CMakeFiles/untamo.dir/home/bryy/.pico-sdk/sdk/2.3.0/src/rp2_common/hardware_watchdog/watchdog.c.o
                0x0000000010001f08                watchdog_reboot
 .text.tick_start
                0x0000000010001fa4       0x18 CMakeFiles/untamo.dir/home/bryy/.pico-sdk/sdk/2.3.0/src/rp2_common/hardware_ticks/ticks.c.o
                0x0000000010001fa4                tick_start
 .text.rom_reboot.constprop.0.isra.0
                0x0000000010001fbc       0x3c CMakeFiles/untamo.dir/home/bryy/.pico-sdk/sdk/2.3.0/src/rp2_common/pico_bootrom/bootrom.c.o
 .text.rom_func_lookup
                0x0000000010001ff8       0x18 CMakeFiles/untamo.dir/home/bryy/.pico-sdk/sdk/2.3.0/src/rp2_common/pico_bootrom/bootrom.c.o
                0x0000000010001ff8                rom_func_lookup
 .text.rom_reset_usb_boot_extra
                0x0000000010002010       0x34 CMakeFiles/untamo.dir/home/bryy/.pico-sdk/sdk/2.3.0/src/rp2_common/pico_bootrom/bootrom.c.o
                0x0000000010002010                rom_reset_usb_boot_extra
 .text.runtime_init_bootrom_locking_enable
                0x0000000010002044       0x14 CMakeFiles/untamo.dir/home/bryy/.pico-sdk/sdk/2.3.0/src/rp2_common/pico_bootrom/bootrom_lock.c.o
                0x0000000010002044                runtime_init_bootrom_locking_enable
 .text.runtime_init_boot_locks_reset
                0x0000000010002058       0x1c CMakeFiles/untamo.dir/home/bryy/.pico-sdk/sdk/2.3.0/src/rp2_common/hardware_boot_lock/boot_lock.c.o
                0x0000000010002058                runtime_init_boot_locks_reset
 .text.xosc_init
                0x0000000010002074       0x30 CMakeFiles/untamo.dir/home/bryy/.pico-sdk/sdk/2.3.0/src/rp2_common/hardware_xosc/xosc.c.o
                0x0000000010002074                xosc_init
 .text.first_per_core_initializer
                0x00000000100020a4        0x4 CMakeFiles/untamo.dir/home/bryy/.pico-sdk/sdk/2.3.0/src/rp2_common/pico_runtime/runtime.c.o
 .text.hard_assertion_failure
                0x00000000100020a8        0xc CMakeFiles/untamo.dir/home/bryy/.pico-sdk/sdk/2.3.0/src/rp2_common/pico_runtime/runtime.c.o
                0x00000000100020a8                hard_assertion_failure
 .text.runtime_run_initializers
                0x00000000100020b4       0x20 CMakeFiles/untamo.dir/home/bryy/.pico-sdk/sdk/2.3.0/src/rp2_common/pico_runtime/runtime.c.o
                0x00000000100020b4                runtime_run_initializers
 .text.runtime_init_early_resets
                0x00000000100020d4       0x34 CMakeFiles/untamo.dir/home/bryy/.pico-sdk/sdk/2.3.0/src/rp2_common/pico_runtime_init/runtime_init.c.o
                0x00000000100020d4                runtime_init_early_resets
 .text.runtime_init_usb_power_down
                0x0000000010002108       0x1c CMakeFiles/untamo.dir/home/bryy/.pico-sdk/sdk/2.3.0/src/rp2_common/pico_runtime_init/runtime_init.c.o
                0x0000000010002108                runtime_init_usb_power_down
 .text.runtime_init_per_core_enable_coprocessors
                0x0000000010002124       0x1c CMakeFiles/untamo.dir/home/bryy/.pico-sdk/sdk/2.3.0/src/rp2_common/pico_runtime_init/runtime_init.c.o
                0x0000000010002124                runtime_init_per_core_enable_coprocessors
 .text.runtime_init_post_clock_resets
                0x0000000010002140       0x20 CMakeFiles/untamo.dir/home/bryy/.pico-sdk/sdk/2.3.0/src/rp2_common/pico_runtime_init/runtime_init.c.o
                0x0000000010002140                runtime_init_post_clock_resets
 .text.runtime_init_bootrom_reset
                0x0000000010002160       0x14 CMakeFiles/untamo.dir/home/bryy/.pico-sdk/sdk/2.3.0/src/rp2_common/pico_runtime_init/runtime_init.c.o
                0x0000000010002160                runtime_init_bootrom_reset
 .text.runtime_init_per_core_bootrom_reset
                0x0000000010002174       0x14 CMakeFiles/untamo.dir/home/bryy/.pico-sdk/sdk/2.3.0/src/rp2_common/pico_runtime_init/runtime_init.c.o
                0x0000000010002174                runtime_init_per_core_bootrom_reset
 .text.runtime_init_spin_locks_reset
                0x0000000010002188        0x4 CMakeFiles/untamo.dir/home/bryy/.pico-sdk/sdk/2.3.0/src/rp2_common/pico_runtime_init/runtime_init.c.o
                0x0000000010002188                runtime_init_spin_locks_reset
 .text.runtime_init_install_ram_vector_table
                0x000000001000218c       0xc4 CMakeFiles/untamo.dir/home/bryy/.pico-sdk/sdk/2.3.0/src/rp2_common/pico_runtime_init/runtime_init.c.o
                0x000000001000218c                runtime_init_install_ram_vector_table
 .text.runtime_init_clocks
                0x0000000010002250       0xdc CMakeFiles/untamo.dir/home/bryy/.pico-sdk/sdk/2.3.0/src/rp2_common/pico_runtime_init/runtime_init_clocks.c.o
                0x0000000010002250                runtime_init_clocks
 .text.__rp2350_dcp_engaged_state_save_restore
                0x000000001000232c       0x3a CMakeFiles/untamo.dir/home/bryy/.pico-sdk/sdk/2.3.0/src/rp2_common/pico_double/double_aeabi_dcp.S.o
 *fill*         0x0000000010002366        0x2 
 .text.__wrap___aeabi_dadd
                0x0000000010002368       0x28 CMakeFiles/untamo.dir/home/bryy/.pico-sdk/sdk/2.3.0/src/rp2_common/pico_double/double_aeabi_dcp.S.o
                0x0000000010002370                __wrap___aeabi_dadd
 .text.__wrap___aeabi_dsub
                0x0000000010002390       0x28 CMakeFiles/untamo.dir/home/bryy/.pico-sdk/sdk/2.3.0/src/rp2_common/pico_double/double_aeabi_dcp.S.o
                0x0000000010002398                __wrap___aeabi_dsub
 .text.__wrap___aeabi_dmul
                0x00000000100023b8       0x48 CMakeFiles/untamo.dir/home/bryy/.pico-sdk/sdk/2.3.0/src/rp2_common/pico_double/double_aeabi_dcp.S.o
                0x00000000100023c0                __wrap___aeabi_dmul
 .text.__wrap___aeabi_ddiv
                0x0000000010002400       0x9c CMakeFiles/untamo.dir/home/bryy/.pico-sdk/sdk/2.3.0/src/rp2_common/pico_double/double_aeabi_dcp.S.o
                0x0000000010002408                __wrap___aeabi_ddiv
 .text.__wrap___aeabi_i2d
                0x000000001000249c       0x24 CMakeFiles/untamo.dir/home/bryy/.pico-sdk/sdk/2.3.0/src/rp2_common/pico_double/double_aeabi_dcp.S.o
                0x00000000100024a4                __wrap___aeabi_i2d
                0x00000000100024a4                int2double
 .text.__wrap___aeabi_ui2d
                0x00000000100024c0       0x24 CMakeFiles/untamo.dir/home/bryy/.pico-sdk/sdk/2.3.0/src/rp2_common/pico_double/double_aeabi_dcp.S.o
                0x00000000100024c8                __wrap___aeabi_ui2d
                0x00000000100024c8                uint2double
 .text.__wrap___aeabi_d2iz
                0x00000000100024e4       0x24 CMakeFiles/untamo.dir/home/bryy/.pico-sdk/sdk/2.3.0/src/rp2_common/pico_double/double_aeabi_dcp.S.o
                0x00000000100024ec                __wrap___aeabi_d2iz
                0x00000000100024ec                double2int_z
 .text.__wrap___aeabi_d2uiz
                0x0000000010002508       0x24 CMakeFiles/untamo.dir/home/bryy/.pico-sdk/sdk/2.3.0/src/rp2_common/pico_double/double_aeabi_dcp.S.o
                0x0000000010002510                double2uint_z
                0x0000000010002510                double2uint
                0x0000000010002510                __wrap___aeabi_d2uiz
 .text.__wrap___aeabi_dcmpun
                0x000000001000252c       0x24 CMakeFiles/untamo.dir/home/bryy/.pico-sdk/sdk/2.3.0/src/rp2_common/pico_double/double_aeabi_dcp.S.o
                0x0000000010002534                __wrap___aeabi_dcmpun
 .text.__wrap___aeabi_dcmplt
                0x0000000010002550       0x28 CMakeFiles/untamo.dir/home/bryy/.pico-sdk/sdk/2.3.0/src/rp2_common/pico_double/double_aeabi_dcp.S.o
                0x0000000010002558                __wrap___aeabi_dcmplt
 .text.__wrap___aeabi_dcmple
                0x0000000010002578       0x28 CMakeFiles/untamo.dir/home/bryy/.pico-sdk/sdk/2.3.0/src/rp2_common/pico_double/double_aeabi_dcp.S.o
                0x0000000010002580                __wrap___aeabi_dcmple
 .text.__wrap___aeabi_dcmpge
                0x00000000100025a0       0x28 CMakeFiles/untamo.dir/home/bryy/.pico-sdk/sdk/2.3.0/src/rp2_common/pico_double/double_aeabi_dcp.S.o
                0x00000000100025a8                __wrap___aeabi_dcmpge
 .text.__wrap___aeabi_dcmpgt
                0x00000000100025c8       0x28 CMakeFiles/untamo.dir/home/bryy/.pico-sdk/sdk/2.3.0/src/rp2_common/pico_double/double_aeabi_dcp.S.o
                0x00000000100025d0                __wrap___aeabi_dcmpgt
 .text.__wrap_malloc
                0x00000000100025f0       0x24 CMakeFiles/untamo.dir/home/bryy/.pico-sdk/sdk/2.3.0/src/rp2_common/pico_malloc/malloc.c.o
                0x00000000100025f0                __wrap_malloc
 .text._out_null
                0x0000000010002614        0x4 CMakeFiles/untamo.dir/home/bryy/.pico-sdk/sdk/2.3.0/src/rp2_common/pico_printf/printf.c.o
 .text._out_rev
                0x0000000010002618       0x88 CMakeFiles/untamo.dir/home/bryy/.pico-sdk/sdk/2.3.0/src/rp2_common/pico_printf/printf.c.o
 .text._ntoa_format
                0x00000000100026a0      0x1e8 CMakeFiles/untamo.dir/home/bryy/.pico-sdk/sdk/2.3.0/src/rp2_common/pico_printf/printf.c.o
 .text._out_char
                0x0000000010002888        0x8 CMakeFiles/untamo.dir/home/bryy/.pico-sdk/sdk/2.3.0/src/rp2_common/pico_printf/printf.c.o
 .text._out_fct
                0x0000000010002890        0xc CMakeFiles/untamo.dir/home/bryy/.pico-sdk/sdk/2.3.0/src/rp2_common/pico_printf/printf.c.o
 *fill*         0x000000001000289c        0x4 
 .text._etoa    0x00000000100028a0      0x460 CMakeFiles/untamo.dir/home/bryy/.pico-sdk/sdk/2.3.0/src/rp2_common/pico_printf/printf.c.o
 .text._ftoa    0x0000000010002d00      0x3d8 CMakeFiles/untamo.dir/home/bryy/.pico-sdk/sdk/2.3.0/src/rp2_common/pico_printf/printf.c.o
 .text._vsnprintf
                0x00000000100030d8      0x9c8 CMakeFiles/untamo.dir/home/bryy/.pico-sdk/sdk/2.3.0/src/rp2_common/pico_printf/printf.c.o
 .text.vfctprintf
                0x0000000010003aa0       0x28 CMakeFiles/untamo.dir/home/bryy/.pico-sdk/sdk/2.3.0/src/rp2_common/pico_printf/printf.c.o
                0x0000000010003aa0                vfctprintf
 .text.weak_raw_vprintf
                0x0000000010003ac8       0x30 CMakeFiles/untamo.dir/home/bryy/.pico-sdk/sdk/2.3.0/src/rp2_common/pico_printf/printf.c.o
                0x0000000010003ac8                weak_raw_vprintf
 .text._exit    0x0000000010003af8        0x4 CMakeFiles/untamo.dir/home/bryy/.pico-sdk/sdk/2.3.0/src/rp2_common/pico_clib_interface/newlib_interface.c.o
                0x0000000010003af8                _exit
 .text._fini    0x0000000010003afc        0x4 CMakeFiles/untamo.dir/home/bryy/.pico-sdk/sdk/2.3.0/src/rp2_common/pico_clib_interface/newlib_interface.c.o
                0x0000000010003afc                _fini
 .text._sbrk    0x0000000010003b00       0x2c CMakeFiles/untamo.dir/home/bryy/.pico-sdk/sdk/2.3.0/src/rp2_common/pico_clib_interface/newlib_interface.c.o
                0x0000000010003b00                _sbrk
 .text.exit     0x0000000010003b2c        0x8 CMakeFiles/untamo.dir/home/bryy/.pico-sdk/sdk/2.3.0/src/rp2_common/pico_clib_interface/newlib_interface.c.o
                0x0000000010003b2c                exit
 .text.runtime_init
                0x0000000010003b34       0x24 CMakeFiles/untamo.dir/home/bryy/.pico-sdk/sdk/2.3.0/src/rp2_common/pico_clib_interface/newlib_interface.c.o
                0x0000000010003b34                runtime_init
 .text.stdio_out_chars_no_crlf
                0x0000000010003b58        0x8 CMakeFiles/untamo.dir/home/bryy/.pico-sdk/sdk/2.3.0/src/rp2_common/pico_stdio/stdio.c.o
 .text.stdio_out_chars_crlf
                0x0000000010003b60       0xac CMakeFiles/untamo.dir/home/bryy/.pico-sdk/sdk/2.3.0/src/rp2_common/pico_stdio/stdio.c.o
 .text.stdio_buffered_printer
                0x0000000010003c0c       0x50 CMakeFiles/untamo.dir/home/bryy/.pico-sdk/sdk/2.3.0/src/rp2_common/pico_stdio/stdio.c.o
 .text.stdio_put_string
                0x0000000010003c5c       0xe8 CMakeFiles/untamo.dir/home/bryy/.pico-sdk/sdk/2.3.0/src/rp2_common/pico_stdio/stdio.c.o
                0x0000000010003c5c                stdio_put_string
 .text.stdio_set_driver_enabled
                0x0000000010003d44       0x28 CMakeFiles/untamo.dir/home/bryy/.pico-sdk/sdk/2.3.0/src/rp2_common/pico_stdio/stdio.c.o
                0x0000000010003d44                stdio_set_driver_enabled
 .text.stdio_init_all
                0x0000000010003d6c        0x4 CMakeFiles/untamo.dir/home/bryy/.pico-sdk/sdk/2.3.0/src/rp2_common/pico_stdio/stdio.c.o
                0x0000000010003d6c                stdio_init_all
 .text.__wrap_putchar
                0x0000000010003d70       0x7c CMakeFiles/untamo.dir/home/bryy/.pico-sdk/sdk/2.3.0/src/rp2_common/pico_stdio/stdio.c.o
                0x0000000010003d70                stdio_putchar
                0x0000000010003d70                __wrap_putchar
 .text.__wrap_puts
                0x0000000010003dec       0x3c CMakeFiles/untamo.dir/home/bryy/.pico-sdk/sdk/2.3.0/src/rp2_common/pico_stdio/stdio.c.o
                0x0000000010003dec                __wrap_puts
                0x0000000010003dec                stdio_puts
 .text.__wrap_vprintf
                0x0000000010003e28       0xc0 CMakeFiles/untamo.dir/home/bryy/.pico-sdk/sdk/2.3.0/src/rp2_common/pico_stdio/stdio.c.o
                0x0000000010003e28                __wrap_vprintf
                0x0000000010003e28                stdio_vprintf
 .text.__wrap_printf
                0x0000000010003ee8       0x1c CMakeFiles/untamo.dir/home/bryy/.pico-sdk/sdk/2.3.0/src/rp2_common/pico_stdio/stdio.c.o
                0x0000000010003ee8                stdio_printf
                0x0000000010003ee8                __wrap_printf
 .text.stdio_usb_set_chars_available_callback
                0x0000000010003f04       0x14 CMakeFiles/untamo.dir/home/bryy/.pico-sdk/sdk/2.3.0/src/rp2_common/pico_stdio_usb/stdio_usb.c.o
                0x0000000010003f04                stdio_usb_set_chars_available_callback
 .text.timer_task
                0x0000000010003f18       0x70 CMakeFiles/untamo.dir/home/bryy/.pico-sdk/sdk/2.3.0/src/rp2_common/pico_stdio_usb/stdio_usb.c.o
 .text.usb_irq  0x0000000010003f88        0xc CMakeFiles/untamo.dir/home/bryy/.pico-sdk/sdk/2.3.0/src/rp2_common/pico_stdio_usb/stdio_usb.c.o
 .text.stdio_usb_in_chars
                0x0000000010003f94       0x84 CMakeFiles/untamo.dir/home/bryy/.pico-sdk/sdk/2.3.0/src/rp2_common/pico_stdio_usb/stdio_usb.c.o
                0x0000000010003f94                stdio_usb_in_chars
 .text.stdio_usb_out_flush
                0x0000000010004018       0x4c CMakeFiles/untamo.dir/home/bryy/.pico-sdk/sdk/2.3.0/src/rp2_common/pico_stdio_usb/stdio_usb.c.o
 .text.stdio_usb_out_chars
                0x0000000010004064       0xf0 CMakeFiles/untamo.dir/home/bryy/.pico-sdk/sdk/2.3.0/src/rp2_common/pico_stdio_usb/stdio_usb.c.o
 .text.low_priority_worker_irq
                0x0000000010004154       0xc8 CMakeFiles/untamo.dir/home/bryy/.pico-sdk/sdk/2.3.0/src/rp2_common/pico_stdio_usb/stdio_usb.c.o
 .text.stdio_usb_init
                0x000000001000421c       0xdc CMakeFiles/untamo.dir/home/bryy/.pico-sdk/sdk/2.3.0/src/rp2_common/pico_stdio_usb/stdio_usb.c.o
                0x000000001000421c                stdio_usb_init
 .text.tud_descriptor_device_cb
                0x00000000100042f8        0x8 CMakeFiles/untamo.dir/home/bryy/.pico-sdk/sdk/2.3.0/src/rp2_common/pico_stdio_usb/stdio_usb_descriptors.c.o
                0x00000000100042f8                tud_descriptor_device_cb
 .text.tud_descriptor_configuration_cb
                0x0000000010004300        0x8 CMakeFiles/untamo.dir/home/bryy/.pico-sdk/sdk/2.3.0/src/rp2_common/pico_stdio_usb/stdio_usb_descriptors.c.o
                0x0000000010004300                tud_descriptor_configuration_cb
 .text.tud_descriptor_string_cb
                0x0000000010004308       0x78 CMakeFiles/untamo.dir/home/bryy/.pico-sdk/sdk/2.3.0/src/rp2_common/pico_stdio_usb/stdio_usb_descriptors.c.o
                0x0000000010004308                tud_descriptor_string_cb
 .text.startup._retrieve_unique_id_on_boot
                0x0000000010004380       0x30 CMakeFiles/untamo.dir/home/bryy/.pico-sdk/sdk/2.3.0/src/rp2_common/pico_unique_id/unique_id.c.o
 .text.pico_get_unique_board_id_string
                0x00000000100043b0      0x180 CMakeFiles/untamo.dir/home/bryy/.pico-sdk/sdk/2.3.0/src/rp2_common/pico_unique_id/unique_id.c.o
                0x00000000100043b0                pico_get_unique_board_id_string
 .text.usb_reset_interface_init
                0x0000000010004530        0x4 CMakeFiles/untamo.dir/home/bryy/.pico-sdk/sdk/2.3.0/src/rp2_common/pico_usb_reset/usb_reset.c.o
                0x0000000010004530                usb_reset_interface_init
 .text.usb_reset_interface_reset
                0x0000000010004534        0xc CMakeFiles/untamo.dir/home/bryy/.pico-sdk/sdk/2.3.0/src/rp2_common/pico_usb_reset/usb_reset.c.o
                0x0000000010004534                usb_reset_interface_reset
 .text.usb_reset_interface_open
                0x0000000010004540       0x28 CMakeFiles/untamo.dir/home/bryy/.pico-sdk/sdk/2.3.0/src/rp2_common/pico_usb_reset/usb_reset.c.o
                0x0000000010004540                usb_reset_interface_open
 .text.usb_reset_interface_xfer_cb
                0x0000000010004568        0x4 CMakeFiles/untamo.dir/home/bryy/.pico-sdk/sdk/2.3.0/src/rp2_common/pico_usb_reset/usb_reset.c.o
                0x0000000010004568                usb_reset_interface_xfer_cb
 .text.usb_reset_interface_control_xfer_cb
                0x000000001000456c       0x50 CMakeFiles/untamo.dir/home/bryy/.pico-sdk/sdk/2.3.0/src/rp2_common/pico_usb_reset/usb_reset.c.o
                0x000000001000456c                usb_reset_interface_control_xfer_cb
 .text.tud_descriptor_bos_cb
                0x00000000100045bc        0x8 CMakeFiles/untamo.dir/home/bryy/.pico-sdk/sdk/2.3.0/src/rp2_common/pico_usb_reset/usb_reset.c.o
                0x00000000100045bc                tud_descriptor_bos_cb
 .text.tud_vendor_control_xfer_cb
                0x00000000100045c4       0x28 CMakeFiles/untamo.dir/home/bryy/.pico-sdk/sdk/2.3.0/src/rp2_common/pico_usb_reset/usb_reset.c.o
                0x00000000100045c4                tud_vendor_control_xfer_cb
 .text.usbd_app_driver_get_cb
                0x00000000100045ec       0x10 CMakeFiles/untamo.dir/home/bryy/.pico-sdk/sdk/2.3.0/src/rp2_common/pico_usb_reset/usb_reset.c.o
                0x00000000100045ec                usbd_app_driver_get_cb
 .text.tud_cdc_line_coding_cb
                0x00000000100045fc       0x18 CMakeFiles/untamo.dir/home/bryy/.pico-sdk/sdk/2.3.0/src/rp2_common/pico_usb_reset/usb_reset.c.o
                0x00000000100045fc                tud_cdc_line_coding_cb
 .text.dcd_init
                0x0000000010004614       0x94 CMakeFiles/untamo.dir/home/bryy/.pico-sdk/sdk/2.3.0/lib/tinyusb/src/portable/raspberrypi/rp2040/dcd_rp2040.c.o
                0x0000000010004614                dcd_init
 .text.dcd_int_enable
                0x00000000100046a8        0x8 CMakeFiles/untamo.dir/home/bryy/.pico-sdk/sdk/2.3.0/lib/tinyusb/src/portable/raspberrypi/rp2040/dcd_rp2040.c.o
                0x00000000100046a8                dcd_int_enable
 .text.dcd_set_address
                0x00000000100046b0       0x10 CMakeFiles/untamo.dir/home/bryy/.pico-sdk/sdk/2.3.0/lib/tinyusb/src/portable/raspberrypi/rp2040/dcd_rp2040.c.o
                0x00000000100046b0                dcd_set_address
 .text.dcd_sof_enable
                0x00000000100046c0       0x1c CMakeFiles/untamo.dir/home/bryy/.pico-sdk/sdk/2.3.0/lib/tinyusb/src/portable/raspberrypi/rp2040/dcd_rp2040.c.o
                0x00000000100046c0                dcd_sof_enable
 .text.dcd_edpt0_status_complete
                0x00000000100046dc       0x1c CMakeFiles/untamo.dir/home/bryy/.pico-sdk/sdk/2.3.0/lib/tinyusb/src/portable/raspberrypi/rp2040/dcd_rp2040.c.o
                0x00000000100046dc                dcd_edpt0_status_complete
 .text.dcd_edpt_open
                0x00000000100046f8      0x104 CMakeFiles/untamo.dir/home/bryy/.pico-sdk/sdk/2.3.0/lib/tinyusb/src/portable/raspberrypi/rp2040/dcd_rp2040.c.o
                0x00000000100046f8                dcd_edpt_open
 .text.dcd_edpt_close_all
                0x00000000100047fc        0x4 CMakeFiles/untamo.dir/home/bryy/.pico-sdk/sdk/2.3.0/lib/tinyusb/src/portable/raspberrypi/rp2040/dcd_rp2040.c.o
                0x00000000100047fc                dcd_edpt_close_all
 .text.dcd_edpt_xfer
                0x0000000010004800       0x28 CMakeFiles/untamo.dir/home/bryy/.pico-sdk/sdk/2.3.0/lib/tinyusb/src/portable/raspberrypi/rp2040/dcd_rp2040.c.o
                0x0000000010004800                dcd_edpt_xfer
 .text.dcd_edpt_stall
                0x0000000010004828       0x30 CMakeFiles/untamo.dir/home/bryy/.pico-sdk/sdk/2.3.0/lib/tinyusb/src/portable/raspberrypi/rp2040/dcd_rp2040.c.o
                0x0000000010004828                dcd_edpt_stall
 .text.dcd_edpt_clear_stall
                0x0000000010004858       0x2c CMakeFiles/untamo.dir/home/bryy/.pico-sdk/sdk/2.3.0/lib/tinyusb/src/portable/raspberrypi/rp2040/dcd_rp2040.c.o
                0x0000000010004858                dcd_edpt_clear_stall
 .text.rp2040_usb_init
                0x0000000010004884       0x40 CMakeFiles/untamo.dir/home/bryy/.pico-sdk/sdk/2.3.0/lib/tinyusb/src/portable/raspberrypi/rp2040/rp2040_usb.c.o
                0x0000000010004884                rp2040_usb_init
 .text.hw_endpoint_xfer_start
                0x00000000100048c4       0x4c CMakeFiles/untamo.dir/home/bryy/.pico-sdk/sdk/2.3.0/lib/tinyusb/src/portable/raspberrypi/rp2040/rp2040_usb.c.o
                0x00000000100048c4                hw_endpoint_xfer_start
 .text.configuration_reset
                0x0000000010004910       0x8c CMakeFiles/untamo.dir/home/bryy/.pico-sdk/sdk/2.3.0/lib/tinyusb/src/device/usbd.c.o
 .text.tud_event_hook_cb
                0x000000001000499c        0x4 CMakeFiles/untamo.dir/home/bryy/.pico-sdk/sdk/2.3.0/lib/tinyusb/src/device/usbd.c.o
                0x000000001000499c                tud_event_hook_cb
 .text.tud_sof_cb
                0x00000000100049a0        0x4 CMakeFiles/untamo.dir/home/bryy/.pico-sdk/sdk/2.3.0/lib/tinyusb/src/device/usbd.c.o
                0x00000000100049a0                tud_sof_cb
 .text.tud_descriptor_device_qualifier_cb
                0x00000000100049a4        0x4 CMakeFiles/untamo.dir/home/bryy/.pico-sdk/sdk/2.3.0/lib/tinyusb/src/device/usbd.c.o
                0x00000000100049a4                tud_descriptor_device_qualifier_cb
 .text.tud_descriptor_other_speed_configuration_cb
                0x00000000100049a8        0x4 CMakeFiles/untamo.dir/home/bryy/.pico-sdk/sdk/2.3.0/lib/tinyusb/src/device/usbd.c.o
                0x00000000100049a8                tud_descriptor_other_speed_configuration_cb
 .text.tud_mount_cb
                0x00000000100049ac        0x4 CMakeFiles/untamo.dir/home/bryy/.pico-sdk/sdk/2.3.0/lib/tinyusb/src/device/usbd.c.o
                0x00000000100049ac                tud_mount_cb
 .text.tud_umount_cb
                0x00000000100049b0        0x4 CMakeFiles/untamo.dir/home/bryy/.pico-sdk/sdk/2.3.0/lib/tinyusb/src/device/usbd.c.o
                0x00000000100049b0                tud_umount_cb
 .text.tud_suspend_cb
                0x00000000100049b4        0x4 CMakeFiles/untamo.dir/home/bryy/.pico-sdk/sdk/2.3.0/lib/tinyusb/src/device/usbd.c.o
                0x00000000100049b4                tud_suspend_cb
 .text.tud_resume_cb
                0x00000000100049b8        0x4 CMakeFiles/untamo.dir/home/bryy/.pico-sdk/sdk/2.3.0/lib/tinyusb/src/device/usbd.c.o
                0x00000000100049b8                tud_resume_cb
 .text.tud_mounted
                0x00000000100049bc       0x10 CMakeFiles/untamo.dir/home/bryy/.pico-sdk/sdk/2.3.0/lib/tinyusb/src/device/usbd.c.o
                0x00000000100049bc                tud_mounted
 .text.tud_suspended
                0x00000000100049cc       0x10 CMakeFiles/untamo.dir/home/bryy/.pico-sdk/sdk/2.3.0/lib/tinyusb/src/device/usbd.c.o
                0x00000000100049cc                tud_suspended
 .text.tud_rhport_init
                0x00000000100049dc      0x10c CMakeFiles/untamo.dir/home/bryy/.pico-sdk/sdk/2.3.0/lib/tinyusb/src/device/usbd.c.o
                0x00000000100049dc                tud_rhport_init
 .text.tud_task_ext
                0x0000000010004ae8      0x778 CMakeFiles/untamo.dir/home/bryy/.pico-sdk/sdk/2.3.0/lib/tinyusb/src/device/usbd.c.o
                0x0000000010004ae8                tud_task_ext
 .text.usbd_open_edpt_pair
                0x0000000010005260       0x9c CMakeFiles/untamo.dir/home/bryy/.pico-sdk/sdk/2.3.0/lib/tinyusb/src/device/usbd.c.o
                0x0000000010005260                usbd_open_edpt_pair
 .text.usbd_edpt_open
                0x00000000100052fc       0x44 CMakeFiles/untamo.dir/home/bryy/.pico-sdk/sdk/2.3.0/lib/tinyusb/src/device/usbd.c.o
                0x00000000100052fc                usbd_edpt_open
 .text.usbd_edpt_claim
                0x0000000010005340       0x24 CMakeFiles/untamo.dir/home/bryy/.pico-sdk/sdk/2.3.0/lib/tinyusb/src/device/usbd.c.o
                0x0000000010005340                usbd_edpt_claim
 .text.usbd_edpt_release
                0x0000000010005364       0x24 CMakeFiles/untamo.dir/home/bryy/.pico-sdk/sdk/2.3.0/lib/tinyusb/src/device/usbd.c.o
                0x0000000010005364                usbd_edpt_release
 .text.usbd_edpt_xfer
                0x0000000010005388       0x70 CMakeFiles/untamo.dir/home/bryy/.pico-sdk/sdk/2.3.0/lib/tinyusb/src/device/usbd.c.o
                0x0000000010005388                usbd_edpt_xfer
 .text.tud_control_status
                0x00000000100053f8       0x34 CMakeFiles/untamo.dir/home/bryy/.pico-sdk/sdk/2.3.0/lib/tinyusb/src/device/usbd_control.c.o
                0x00000000100053f8                tud_control_status
 .text.tud_control_xfer
                0x000000001000542c       0xcc CMakeFiles/untamo.dir/home/bryy/.pico-sdk/sdk/2.3.0/lib/tinyusb/src/device/usbd_control.c.o
                0x000000001000542c                tud_control_xfer
 .text.usbd_control_reset
                0x00000000100054f8       0x14 CMakeFiles/untamo.dir/home/bryy/.pico-sdk/sdk/2.3.0/lib/tinyusb/src/device/usbd_control.c.o
                0x00000000100054f8                usbd_control_reset
 .text.usbd_control_set_complete_callback
                0x000000001000550c        0xc CMakeFiles/untamo.dir/home/bryy/.pico-sdk/sdk/2.3.0/lib/tinyusb/src/device/usbd_control.c.o
                0x000000001000550c                usbd_control_set_complete_callback
 .text.usbd_control_set_request
                0x0000000010005518       0x1c CMakeFiles/untamo.dir/home/bryy/.pico-sdk/sdk/2.3.0/lib/tinyusb/src/device/usbd_control.c.o
                0x0000000010005518                usbd_control_set_request
 .text.usbd_control_xfer_cb
                0x0000000010005534      0x110 CMakeFiles/untamo.dir/home/bryy/.pico-sdk/sdk/2.3.0/lib/tinyusb/src/device/usbd_control.c.o
                0x0000000010005534                usbd_control_xfer_cb
 .text._prep_out_transaction.isra.0
                0x0000000010005644       0x78 CMakeFiles/untamo.dir/home/bryy/.pico-sdk/sdk/2.3.0/lib/tinyusb/src/class/cdc/cdc_device.c.o
 .text.tud_cdc_n_connected
                0x00000000100056bc       0x2c CMakeFiles/untamo.dir/home/bryy/.pico-sdk/sdk/2.3.0/lib/tinyusb/src/class/cdc/cdc_device.c.o
                0x00000000100056bc                tud_cdc_n_connected
 .text.tud_cdc_n_available
                0x00000000100056e8       0x18 CMakeFiles/untamo.dir/home/bryy/.pico-sdk/sdk/2.3.0/lib/tinyusb/src/class/cdc/cdc_device.c.o
                0x00000000100056e8                tud_cdc_n_available
 .text.tud_cdc_n_read
                0x0000000010005700       0x90 CMakeFiles/untamo.dir/home/bryy/.pico-sdk/sdk/2.3.0/lib/tinyusb/src/class/cdc/cdc_device.c.o
                0x0000000010005700                tud_cdc_n_read
 .text.tud_cdc_n_write_flush
                0x0000000010005790       0x88 CMakeFiles/untamo.dir/home/bryy/.pico-sdk/sdk/2.3.0/lib/tinyusb/src/class/cdc/cdc_device.c.o
                0x0000000010005790                tud_cdc_n_write_flush
 .text.tud_cdc_n_write
                0x0000000010005818       0x48 CMakeFiles/untamo.dir/home/bryy/.pico-sdk/sdk/2.3.0/lib/tinyusb/src/class/cdc/cdc_device.c.o
                0x0000000010005818                tud_cdc_n_write
 .text.tud_cdc_n_write_available
                0x0000000010005860       0x18 CMakeFiles/untamo.dir/home/bryy/.pico-sdk/sdk/2.3.0/lib/tinyusb/src/class/cdc/cdc_device.c.o
                0x0000000010005860                tud_cdc_n_write_available
 .text.cdcd_init
                0x0000000010005878       0x70 CMakeFiles/untamo.dir/home/bryy/.pico-sdk/sdk/2.3.0/lib/tinyusb/src/class/cdc/cdc_device.c.o
                0x0000000010005878                cdcd_init
 .text.cdcd_deinit
                0x00000000100058e8       0x20 CMakeFiles/untamo.dir/home/bryy/.pico-sdk/sdk/2.3.0/lib/tinyusb/src/class/cdc/cdc_device.c.o
                0x00000000100058e8                cdcd_deinit
 .text.cdcd_reset
                0x0000000010005908       0x4c CMakeFiles/untamo.dir/home/bryy/.pico-sdk/sdk/2.3.0/lib/tinyusb/src/class/cdc/cdc_device.c.o
                0x0000000010005908                cdcd_reset
 .text.cdcd_open
                0x0000000010005954       0xbc CMakeFiles/untamo.dir/home/bryy/.pico-sdk/sdk/2.3.0/lib/tinyusb/src/class/cdc/cdc_device.c.o
                0x0000000010005954                cdcd_open
 .text.cdcd_control_xfer_cb
                0x0000000010005a10       0xc8 CMakeFiles/untamo.dir/home/bryy/.pico-sdk/sdk/2.3.0/lib/tinyusb/src/class/cdc/cdc_device.c.o
                0x0000000010005a10                cdcd_control_xfer_cb
 .text.cdcd_xfer_cb
                0x0000000010005ad8      0x100 CMakeFiles/untamo.dir/home/bryy/.pico-sdk/sdk/2.3.0/lib/tinyusb/src/class/cdc/cdc_device.c.o
                0x0000000010005ad8                cdcd_xfer_cb
 .text.tusb_rhport_init
                0x0000000010005bd8       0x74 CMakeFiles/untamo.dir/home/bryy/.pico-sdk/sdk/2.3.0/lib/tinyusb/src/tusb.c.o
                0x0000000010005bd8                tusb_rhport_init
 .text.tu_edpt_claim
                0x0000000010005c4c       0x54 CMakeFiles/untamo.dir/home/bryy/.pico-sdk/sdk/2.3.0/lib/tinyusb/src/tusb.c.o
                0x0000000010005c4c                tu_edpt_claim
 .text.tu_edpt_release
                0x0000000010005ca0       0x38 CMakeFiles/untamo.dir/home/bryy/.pico-sdk/sdk/2.3.0/lib/tinyusb/src/tusb.c.o
                0x0000000010005ca0                tu_edpt_release
 .text.tu_edpt_validate
                0x0000000010005cd8       0x68 CMakeFiles/untamo.dir/home/bryy/.pico-sdk/sdk/2.3.0/lib/tinyusb/src/tusb.c.o
                0x0000000010005cd8                tu_edpt_validate
 .text.tu_edpt_bind_driver
                0x0000000010005d40       0x58 CMakeFiles/untamo.dir/home/bryy/.pico-sdk/sdk/2.3.0/lib/tinyusb/src/tusb.c.o
                0x0000000010005d40                tu_edpt_bind_driver
 .text.tu_fifo_config
                0x0000000010005d98       0x64 CMakeFiles/untamo.dir/home/bryy/.pico-sdk/sdk/2.3.0/lib/tinyusb/src/common/tusb_fifo.c.o
                0x0000000010005d98                tu_fifo_config
 .text.tu_fifo_count
                0x0000000010005dfc       0x20 CMakeFiles/untamo.dir/home/bryy/.pico-sdk/sdk/2.3.0/lib/tinyusb/src/common/tusb_fifo.c.o
                0x0000000010005dfc                tu_fifo_count
 .text.tu_fifo_empty
                0x0000000010005e1c       0x14 CMakeFiles/untamo.dir/home/bryy/.pico-sdk/sdk/2.3.0/lib/tinyusb/src/common/tusb_fifo.c.o
                0x0000000010005e1c                tu_fifo_empty
 .text.tu_fifo_remaining
                0x0000000010005e30       0x24 CMakeFiles/untamo.dir/home/bryy/.pico-sdk/sdk/2.3.0/lib/tinyusb/src/common/tusb_fifo.c.o
                0x0000000010005e30                tu_fifo_remaining
 .text.tu_fifo_read
                0x0000000010005e54       0x94 CMakeFiles/untamo.dir/home/bryy/.pico-sdk/sdk/2.3.0/lib/tinyusb/src/common/tusb_fifo.c.o
                0x0000000010005e54                tu_fifo_read
 .text.tu_fifo_read_n
                0x0000000010005ee8       0xd4 CMakeFiles/untamo.dir/home/bryy/.pico-sdk/sdk/2.3.0/lib/tinyusb/src/common/tusb_fifo.c.o
                0x0000000010005ee8                tu_fifo_read_n
 .text.tu_fifo_write
                0x0000000010005fbc       0x84 CMakeFiles/untamo.dir/home/bryy/.pico-sdk/sdk/2.3.0/lib/tinyusb/src/common/tusb_fifo.c.o
                0x0000000010005fbc                tu_fifo_write
 .text.tu_fifo_write_n
                0x0000000010006040      0x15c CMakeFiles/untamo.dir/home/bryy/.pico-sdk/sdk/2.3.0/lib/tinyusb/src/common/tusb_fifo.c.o
                0x0000000010006040                tu_fifo_write_n
 .text.tu_fifo_clear
                0x000000001000619c       0x38 CMakeFiles/untamo.dir/home/bryy/.pico-sdk/sdk/2.3.0/lib/tinyusb/src/common/tusb_fifo.c.o
                0x000000001000619c                tu_fifo_clear
 .text.tu_fifo_set_overwritable
                0x00000000100061d4       0x3c CMakeFiles/untamo.dir/home/bryy/.pico-sdk/sdk/2.3.0/lib/tinyusb/src/common/tusb_fifo.c.o
                0x00000000100061d4                tu_fifo_set_overwritable
 .text.spi_init
                0x0000000010006210       0xf4 CMakeFiles/untamo.dir/home/bryy/.pico-sdk/sdk/2.3.0/src/rp2_common/hardware_spi/spi.c.o
                0x0000000010006210                spi_init
 .text.i2c_set_baudrate
                0x0000000010006304       0xa8 CMakeFiles/untamo.dir/home/bryy/.pico-sdk/sdk/2.3.0/src/rp2_common/hardware_i2c/i2c.c.o
                0x0000000010006304                i2c_set_baudrate
 .text.i2c_init
                0x00000000100063ac       0x4c CMakeFiles/untamo.dir/home/bryy/.pico-sdk/sdk/2.3.0/src/rp2_common/hardware_i2c/i2c.c.o
                0x00000000100063ac                i2c_init
 .text.OLED_1in3_C_Init
                0x00000000100063f8      0x344 ../libs/oled/OLED/libOLED.a(OLED_1in3_c.c.o)
                0x00000000100063f8                OLED_1in3_C_Init
 .text.OLED_1in3_C_Clear
                0x000000001000673c       0x9c ../libs/oled/OLED/libOLED.a(OLED_1in3_c.c.o)
                0x000000001000673c                OLED_1in3_C_Clear
 .text.OLED_1in3_C_Display
                0x00000000100067d8       0xd4 ../libs/oled/OLED/libOLED.a(OLED_1in3_c.c.o)
                0x00000000100067d8                OLED_1in3_C_Display
 .text.Paint_SetPixel.part.0
                0x00000000100068ac      0x138 ../libs/oled/GUI/libGUI.a(GUI_Paint.c.o)
 .text.Paint_DrawChar.part.0
                0x00000000100069e4       0xfc ../libs/oled/GUI/libGUI.a(GUI_Paint.c.o)
 .text.Paint_NewImage
                0x0000000010006ae0       0x48 ../libs/oled/GUI/libGUI.a(GUI_Paint.c.o)
                0x0000000010006ae0                Paint_NewImage
 .text.Paint_Clear
                0x0000000010006b28       0xe0 ../libs/oled/GUI/libGUI.a(GUI_Paint.c.o)
                0x0000000010006b28                Paint_Clear
 .text.Paint_DrawChar
                0x0000000010006c08       0x2c ../libs/oled/GUI/libGUI.a(GUI_Paint.c.o)
                0x0000000010006c08                Paint_DrawChar
 .text.Paint_DrawString_EN
                0x0000000010006c34       0x94 ../libs/oled/GUI/libGUI.a(GUI_Paint.c.o)
                0x0000000010006c34                Paint_DrawString_EN
 .text.DEV_Digital_Write
                0x0000000010006cc8        0xc ../libs/oled/Config/libConfig.a(DEV_Config.c.o)
                0x0000000010006cc8                DEV_Digital_Write
 .text.DEV_Digital_Read
                0x0000000010006cd4       0x18 ../libs/oled/Config/libConfig.a(DEV_Config.c.o)
                0x0000000010006cd4                DEV_Digital_Read
 .text.DEV_SPI_WriteByte
                0x0000000010006cec       0x20 ../libs/oled/Config/libConfig.a(DEV_Config.c.o)
                0x0000000010006cec                DEV_SPI_WriteByte
 .text.DEV_KEY_Config
                0x0000000010006d0c       0x1c ../libs/oled/Config/libConfig.a(DEV_Config.c.o)
                0x0000000010006d0c                DEV_KEY_Config
 .text.DEV_Delay_ms
                0x0000000010006d28       0x50 ../libs/oled/Config/libConfig.a(DEV_Config.c.o)
                0x0000000010006d28                DEV_Delay_ms
 .text.DEV_Module_Init
                0x0000000010006d78      0x100 ../libs/oled/Config/libConfig.a(DEV_Config.c.o)
                0x0000000010006d78                DEV_Module_Init
 .text          0x0000000010006e78       0x20 /usr/lib/gcc/arm-none-eabi/10.3.1/../../../arm-none-eabi/lib/thumb/v8-m.main+fp/softfp/libg.a(lib_a-malloc.o)
                0x0000000010006e78                malloc
                0x0000000010006e88                free
 .text          0x0000000010006e98      0x56c /usr/lib/gcc/arm-none-eabi/10.3.1/../../../arm-none-eabi/lib/thumb/v8-m.main+fp/softfp/libg.a(lib_a-mallocr.o)
                0x0000000010006e98                _malloc_r
 .text          0x0000000010007404        0x8 /usr/lib/gcc/arm-none-eabi/10.3.1/../../../arm-none-eabi/lib/thumb/v8-m.main+fp/softfp/libg.a(lib_a-mlock.o)
                0x0000000010007404                __malloc_lock
                0x0000000010007408                __malloc_unlock
 .text          0x000000001000740c       0x24 /usr/lib/gcc/arm-none-eabi/10.3.1/../../../arm-none-eabi/lib/thumb/v8-m.main+fp/softfp/libg.a(lib_a-sbrkr.o)
                0x000000001000740c                _sbrk_r
 .text          0x0000000010007430       0x5c /usr/lib/gcc/arm-none-eabi/10.3.1/../../../arm-none-eabi/lib/thumb/v8-m.main+fp/softfp/libg.a(lib_a-strlen-stub.o)
                0x0000000010007430                strlen
 .text          0x000000001000748c      0x2ac /usr/lib/gcc/arm-none-eabi/10.3.1/../../../arm-none-eabi/lib/thumb/v8-m.main+fp/softfp/libg.a(lib_a-freer.o)
                0x000000001000748c                _malloc_trim_r
                0x000000001000752c                _free_r
 .text.__stub   0x0000000010007738       0x70 linker stubs
 *(.fini)
 *crtbegin.o(.ctors)
 *crtbegin?.o(.ctors)
 *(EXCLUDE_FILE(*crtend.o *crtend?.o) .ctors)
 *(SORT_BY_NAME(.ctors.*))
 *(.ctors)
 *crtbegin.o(.dtors)
 *crtbegin?.o(.dtors)
 *(EXCLUDE_FILE(*crtend.o *crtend?.o) .dtors)
 *(SORT_BY_NAME(.dtors.*))
 *(.dtors)
                0x00000000100077a8                . = ALIGN (0x4)
                [!provide]                        PROVIDE (__bothinit_array_start = .)
                0x00000000100077a8                PROVIDE (__preinit_array_start = .)
 *(SORT_BY_NAME(.preinit_array.*))
 .preinit_array.00050
                0x00000000100077a8        0x4 CMakeFiles/untamo.dir/home/bryy/.pico-sdk/sdk/2.3.0/src/rp2_common/pico_runtime_init/runtime_init.c.o
                0x00000000100077a8                __pre_init_runtime_init_bootrom_reset
 .preinit_array.00100
                0x00000000100077ac        0x4 CMakeFiles/untamo.dir/home/bryy/.pico-sdk/sdk/2.3.0/src/rp2_common/pico_runtime_init/runtime_init.c.o
                0x00000000100077ac                __pre_init_runtime_init_early_resets
 .preinit_array.00101
                0x00000000100077b0        0x4 CMakeFiles/untamo.dir/home/bryy/.pico-sdk/sdk/2.3.0/src/rp2_common/pico_runtime_init/runtime_init.c.o
                0x00000000100077b0                __pre_init_runtime_init_usb_power_down
 .preinit_array.00500
                0x00000000100077b4        0x4 CMakeFiles/untamo.dir/home/bryy/.pico-sdk/sdk/2.3.0/src/rp2_common/pico_runtime_init/runtime_init.c.o
                0x00000000100077b4                __pre_init_runtime_init_clocks
 .preinit_array.00600
                0x00000000100077b8        0x4 CMakeFiles/untamo.dir/home/bryy/.pico-sdk/sdk/2.3.0/src/rp2_common/pico_runtime_init/runtime_init.c.o
                0x00000000100077b8                __pre_init_runtime_init_post_clock_resets
 .preinit_array.01000
                0x00000000100077bc        0x4 CMakeFiles/untamo.dir/home/bryy/.pico-sdk/sdk/2.3.0/src/rp2_common/hardware_boot_lock/boot_lock.c.o
                0x00000000100077bc                __pre_init_runtime_init_boot_locks_reset
 .preinit_array.01000
                0x00000000100077c0        0x4 CMakeFiles/untamo.dir/home/bryy/.pico-sdk/sdk/2.3.0/src/rp2_common/pico_runtime_init/runtime_init.c.o
                0x00000000100077c0                __pre_init_runtime_init_spin_locks_reset
 .preinit_array.01010
                0x00000000100077c4        0x4 CMakeFiles/untamo.dir/home/bryy/.pico-sdk/sdk/2.3.0/src/rp2_common/pico_bootrom/bootrom_lock.c.o
                0x00000000100077c4                __pre_init_runtime_init_bootrom_locking_enable
 .preinit_array.01100
                0x00000000100077c8        0x4 CMakeFiles/untamo.dir/home/bryy/.pico-sdk/sdk/2.3.0/src/common/pico_sync/mutex.c.o
                0x00000000100077c8                __pre_init_runtime_init_mutex
 .preinit_array.10080
                0x00000000100077cc        0x4 CMakeFiles/untamo.dir/home/bryy/.pico-sdk/sdk/2.3.0/src/rp2_common/pico_runtime_init/runtime_init.c.o
                0x00000000100077cc                __pre_init_runtime_init_install_ram_vector_table
 .preinit_array.11000
                0x00000000100077d0        0x4 CMakeFiles/untamo.dir/home/bryy/.pico-sdk/sdk/2.3.0/src/common/pico_time/time.c.o
                0x00000000100077d0                __pre_init_runtime_init_default_alarm_pool
 .preinit_array.YYYYY
                0x00000000100077d4        0x4 CMakeFiles/untamo.dir/home/bryy/.pico-sdk/sdk/2.3.0/src/rp2_common/pico_runtime/runtime.c.o
                0x00000000100077d4                __pre_init_first_per_core_initializer
 .preinit_array.ZZZZZ.00051
                0x00000000100077d8        0x4 CMakeFiles/untamo.dir/home/bryy/.pico-sdk/sdk/2.3.0/src/rp2_common/pico_runtime_init/runtime_init.c.o
                0x00000000100077d8                __pre_init_runtime_init_per_core_bootrom_reset
 .preinit_array.ZZZZZ.00200
                0x00000000100077dc        0x4 CMakeFiles/untamo.dir/home/bryy/.pico-sdk/sdk/2.3.0/src/rp2_common/pico_runtime_init/runtime_init.c.o
                0x00000000100077dc                __pre_init_runtime_init_per_core_enable_coprocessors
 .preinit_array.ZZZZZ.01000
                0x00000000100077e0        0x4 CMakeFiles/untamo.dir/home/bryy/.pico-sdk/sdk/2.3.0/src/rp2_common/hardware_sync_spin_lock/sync_spin_lock.c.o
                0x00000000100077e0                __pre_init_spinlock_set_extexclall
 .preinit_array.ZZZZZ.01200
                0x00000000100077e4        0x4 CMakeFiles/untamo.dir/home/bryy/.pico-sdk/sdk/2.3.0/src/rp2_common/hardware_irq/irq.c.o
                0x00000000100077e4                __pre_init_runtime_init_per_core_irq_priorities
 *(.preinit_array)
                0x00000000100077e8                PROVIDE (__preinit_array_end = .)
                0x00000000100077e8                . = ALIGN (0x4)
                0x00000000100077e8                PROVIDE (__init_array_start = .)
 *(SORT_BY_NAME(.init_array.*))
 .init_array.01000
                0x00000000100077e8        0x4 CMakeFiles/untamo.dir/home/bryy/.pico-sdk/sdk/2.3.0/src/rp2_common/pico_unique_id/unique_id.c.o
 *(.init_array)
                0x00000000100077ec                PROVIDE (__init_array_end = .)
                [!provide]                        PROVIDE (__bothinit_array_end = .)
                0x00000000100077ec                . = ALIGN (0x4)
                [!provide]                        PROVIDE (__fini_array_start = .)
 *(SORT_BY_NAME(.fini_array.*))
 *(.fini_array)
                [!provide]                        PROVIDE (__fini_array_end = .)
                [!provide]                        PROVIDE (__dso_handle = 0x0)
 *(.eh_frame*)
                0x00000000100077ec                . = ALIGN (0x4)

.glue_7         0x00000000100077ec        0x0
 .glue_7        0x00000000100077ec        0x0 linker stubs

.glue_7t        0x00000000100077ec        0x0
 .glue_7t       0x00000000100077ec        0x0 linker stubs

.vfp11_veneer   0x00000000100077ec        0x0
 .vfp11_veneer  0x00000000100077ec        0x0 linker stubs

.v4_bx          0x00000000100077ec        0x0
 .v4_bx         0x00000000100077ec        0x0 linker stubs

.iplt           0x00000000100077ec        0x0
 .iplt          0x00000000100077ec        0x0 CMakeFiles/untamo.dir/main.c.o

.boot2          0x00000000100077ec        0x0
                0x00000000100077ec                __boot2_start__ = .
 *(.boot2)
                0x00000000100077ec                __boot2_end__ = .
                0x0000000000000001                ASSERT (((__boot2_end__ - __boot2_start__) <= 0x100), ERROR: Pico second stage bootloader must be no more than 256 bytes in size)

.rodata         0x00000000100077f0     0x24d4
 *(EXCLUDE_FILE(*libm.a: *lib*_a-mem*.o *libc.a: *libgcc.a:) .rodata*)
 .rodata.str1.4
                0x00000000100077f0       0x1e CMakeFiles/untamo.dir/main.c.o
 *fill*         0x000000001000780e        0x2 
 .rodata.status_log.str1.4
                0x0000000010007810       0x24 CMakeFiles/untamo.dir/main.c.o
 .rodata.present_error.str1.4
                0x0000000010007834       0x1f CMakeFiles/untamo.dir/main.c.o
 *fill*         0x0000000010007853        0x1 
 .rodata.main.str1.4
                0x0000000010007854       0x1d CMakeFiles/untamo.dir/main.c.o
 *fill*         0x0000000010007871        0x3 
 .rodata        0x0000000010007874       0x10 CMakeFiles/untamo.dir/main.c.o
 .rodata.init_display.str1.4
                0x0000000010007884        0xb CMakeFiles/untamo.dir/oled.c.o
 *fill*         0x000000001000788f        0x1 
 .rodata.set_time.str1.4
                0x0000000010007890       0x47 CMakeFiles/untamo.dir/oled.c.o
 *fill*         0x00000000100078d7        0x1 
 .rodata.str1.4
                0x00000000100078d8       0x67 CMakeFiles/untamo.dir/oled.c.o
 *fill*         0x000000001000793f        0x1 
 .rodata.format_h
                0x0000000010007940       0x60 CMakeFiles/untamo.dir/oled.c.o
 .rodata.format_m
                0x00000000100079a0       0x18 CMakeFiles/untamo.dir/oled.c.o
 .rodata.panic.str1.4
                0x00000000100079b8       0x10 CMakeFiles/untamo.dir/home/bryy/.pico-sdk/sdk/2.3.0/src/rp2_common/pico_platform_panic/panic.c.o
                                         0x11 (size before relaxing)
 .rodata.spin_lock_claim_unused.str1.4
                0x00000000100079c8       0x1b CMakeFiles/untamo.dir/home/bryy/.pico-sdk/sdk/2.3.0/src/rp2_common/hardware_sync/sync.c.o
 *fill*         0x00000000100079e3        0x1 
 .rodata.user_irq_claim_unused.str1.4
                0x00000000100079e4       0x1b CMakeFiles/untamo.dir/home/bryy/.pico-sdk/sdk/2.3.0/src/rp2_common/hardware_irq/irq.c.o
 *fill*         0x00000000100079ff        0x1 
 .rodata.timer_hardware_alarm_claim.str1.4
                0x0000000010007a00       0x22 CMakeFiles/untamo.dir/home/bryy/.pico-sdk/sdk/2.3.0/src/rp2_common/hardware_timer/timer.c.o
 *fill*         0x0000000010007a22        0x2 
 .rodata.hard_assertion_failure.str1.4
                0x0000000010007a24        0xc CMakeFiles/untamo.dir/home/bryy/.pico-sdk/sdk/2.3.0/src/rp2_common/pico_runtime/runtime.c.o
 .rodata.__wrap_malloc.str1.4
                0x0000000010007a30        0xe CMakeFiles/untamo.dir/home/bryy/.pico-sdk/sdk/2.3.0/src/rp2_common/pico_malloc/malloc.c.o
 *fill*         0x0000000010007a3e        0x2 
 .rodata.str1.4
                0x0000000010007a40       0x40 CMakeFiles/untamo.dir/home/bryy/.pico-sdk/sdk/2.3.0/src/rp2_common/pico_standard_binary_info/standard_binary_info.c.o
 .rodata.__bi_26
                0x0000000010007a80        0xc CMakeFiles/untamo.dir/home/bryy/.pico-sdk/sdk/2.3.0/src/rp2_common/pico_standard_binary_info/standard_binary_info.c.o
 .rodata.__bi_34
                0x0000000010007a8c        0xc CMakeFiles/untamo.dir/home/bryy/.pico-sdk/sdk/2.3.0/src/rp2_common/pico_standard_binary_info/standard_binary_info.c.o
 .rodata.__bi_42
                0x0000000010007a98        0xc CMakeFiles/untamo.dir/home/bryy/.pico-sdk/sdk/2.3.0/src/rp2_common/pico_standard_binary_info/standard_binary_info.c.o
 .rodata.__bi_48
                0x0000000010007aa4        0xc CMakeFiles/untamo.dir/home/bryy/.pico-sdk/sdk/2.3.0/src/rp2_common/pico_standard_binary_info/standard_binary_info.c.o
 .rodata.__bi_54
                0x0000000010007ab0        0xc CMakeFiles/untamo.dir/home/bryy/.pico-sdk/sdk/2.3.0/src/rp2_common/pico_standard_binary_info/standard_binary_info.c.o
 .rodata.__bi_60
                0x0000000010007abc        0xc CMakeFiles/untamo.dir/home/bryy/.pico-sdk/sdk/2.3.0/src/rp2_common/pico_standard_binary_info/standard_binary_info.c.o
 .rodata.__bi_78
                0x0000000010007ac8        0xc CMakeFiles/untamo.dir/home/bryy/.pico-sdk/sdk/2.3.0/src/rp2_common/pico_standard_binary_info/standard_binary_info.c.o
 .rodata.__bi_84
                0x0000000010007ad4        0xc CMakeFiles/untamo.dir/home/bryy/.pico-sdk/sdk/2.3.0/src/rp2_common/pico_standard_binary_info/standard_binary_info.c.o
 .rodata._ftoa.str1.4
                0x0000000010007ae0       0x15 CMakeFiles/untamo.dir/home/bryy/.pico-sdk/sdk/2.3.0/src/rp2_common/pico_printf/printf.c.o
 *fill*         0x0000000010007af5        0x3 
 .rodata.pow10.0
                0x0000000010007af8       0x50 CMakeFiles/untamo.dir/home/bryy/.pico-sdk/sdk/2.3.0/src/rp2_common/pico_printf/printf.c.o
 .rodata.crlf_str.0
                0x0000000010007b48        0x2 CMakeFiles/untamo.dir/home/bryy/.pico-sdk/sdk/2.3.0/src/rp2_common/pico_stdio/stdio.c.o
 *fill*         0x0000000010007b4a        0x2 
 .rodata.str1.4
                0x0000000010007b4c       0x13 CMakeFiles/untamo.dir/home/bryy/.pico-sdk/sdk/2.3.0/src/rp2_common/pico_stdio_usb/stdio_usb.c.o
 *fill*         0x0000000010007b5f        0x1 
 .rodata.__bi_204.0
                0x0000000010007b60        0xc CMakeFiles/untamo.dir/home/bryy/.pico-sdk/sdk/2.3.0/src/rp2_common/pico_stdio_usb/stdio_usb.c.o
 .rodata.str1.4
                0x0000000010007b6c       0x2a CMakeFiles/untamo.dir/home/bryy/.pico-sdk/sdk/2.3.0/src/rp2_common/pico_stdio_usb/stdio_usb_descriptors.c.o
 *fill*         0x0000000010007b96        0x2 
 .rodata.usbd_desc_cfg
                0x0000000010007b98       0x54 CMakeFiles/untamo.dir/home/bryy/.pico-sdk/sdk/2.3.0/src/rp2_common/pico_stdio_usb/stdio_usb_descriptors.c.o
 .rodata.usbd_desc_device
                0x0000000010007bec       0x12 CMakeFiles/untamo.dir/home/bryy/.pico-sdk/sdk/2.3.0/src/rp2_common/pico_stdio_usb/stdio_usb_descriptors.c.o
 *fill*         0x0000000010007bfe        0x2 
 .rodata.usbd_desc_str
                0x0000000010007c00       0x18 CMakeFiles/untamo.dir/home/bryy/.pico-sdk/sdk/2.3.0/src/rp2_common/pico_stdio_usb/stdio_usb_descriptors.c.o
 .rodata.desc_bos
                0x0000000010007c18       0x21 CMakeFiles/untamo.dir/home/bryy/.pico-sdk/sdk/2.3.0/src/rp2_common/pico_usb_reset/usb_reset.c.o
                0x0000000010007c18                desc_bos
 *fill*         0x0000000010007c39        0x3 
 .rodata.desc_ms_os_20
                0x0000000010007c3c       0xa6 CMakeFiles/untamo.dir/home/bryy/.pico-sdk/sdk/2.3.0/src/rp2_common/pico_usb_reset/usb_reset.c.o
 *fill*         0x0000000010007ce2        0x2 
 .rodata.usb_reset_interface_driver
                0x0000000010007ce4       0x20 CMakeFiles/untamo.dir/home/bryy/.pico-sdk/sdk/2.3.0/src/rp2_common/pico_usb_reset/usb_reset.c.o
 .rodata.str1.4
                0x0000000010007d04       0x14 CMakeFiles/untamo.dir/home/bryy/.pico-sdk/sdk/2.3.0/lib/tinyusb/src/portable/raspberrypi/rp2040/dcd_rp2040.c.o
 .rodata.str1.4
                0x0000000010007d18       0x48 CMakeFiles/untamo.dir/home/bryy/.pico-sdk/sdk/2.3.0/lib/tinyusb/src/portable/raspberrypi/rp2040/rp2040_usb.c.o
 .rodata._usbd_driver
                0x0000000010007d60       0x20 CMakeFiles/untamo.dir/home/bryy/.pico-sdk/sdk/2.3.0/lib/tinyusb/src/device/usbd.c.o
 .rodata.DEV_Module_Init.str1.4
                0x0000000010007d80       0x15 ../libs/oled/Config/libConfig.a(DEV_Config.c.o)
 *fill*         0x0000000010007d95        0x3 
 .rodata        0x0000000010007d98      0x474 ../libs/oled/Fonts/libFonts.a(font12.c.o)
                0x0000000010007d98                Font12_Table
 .rodata        0x000000001000820c     0x1ab8 ../libs/oled/Fonts/libFonts.a(font24.c.o)
                0x000000001000820c                Font24_Table
 *(.srodata*)
                0x0000000010009cc4                . = ALIGN (0x4)
 *(SORT_BY_ALIGNMENT(SORT_BY_NAME(.flashdata*)))
                0x0000000010009cc4                . = ALIGN (0x4)

.ARM.extab
 *(.ARM.extab* .gnu.linkonce.armextab.*)
                0x0000000010009cc4                __exidx_start = .

.ARM.exidx      0x0000000010009cc4        0x8
 *(.ARM.exidx* .gnu.linkonce.armexidx.*)
 .ARM.exidx     0x0000000010009cc4        0x8 /usr/lib/gcc/arm-none-eabi/10.3.1/thumb/v8-m.main+fp/softfp/libgcc.a(_udivmoddi4.o)
                0x0000000010009ccc                __exidx_end = .
                0x0000000010009ccc                . = ALIGN (0x4)
                0x0000000010009ccc                __binary_info_start = .

.binary_info    0x0000000010009ccc       0x24
 *(.binary_info.keep.*)
 .binary_info.keep.__bi_ptr26
                0x0000000010009ccc        0x4 CMakeFiles/untamo.dir/home/bryy/.pico-sdk/sdk/2.3.0/src/rp2_common/pico_standard_binary_info/standard_binary_info.c.o
 .binary_info.keep.__bi_ptr34
                0x0000000010009cd0        0x4 CMakeFiles/untamo.dir/home/bryy/.pico-sdk/sdk/2.3.0/src/rp2_common/pico_standard_binary_info/standard_binary_info.c.o
 .binary_info.keep.__bi_ptr42
                0x0000000010009cd4        0x4 CMakeFiles/untamo.dir/home/bryy/.pico-sdk/sdk/2.3.0/src/rp2_common/pico_standard_binary_info/standard_binary_info.c.o
 .binary_info.keep.__bi_ptr48
                0x0000000010009cd8        0x4 CMakeFiles/untamo.dir/home/bryy/.pico-sdk/sdk/2.3.0/src/rp2_common/pico_standard_binary_info/standard_binary_info.c.o
 .binary_info.keep.__bi_ptr54
                0x0000000010009cdc        0x4 CMakeFiles/untamo.dir/home/bryy/.pico-sdk/sdk/2.3.0/src/rp2_common/pico_standard_binary_info/standard_binary_info.c.o
 .binary_info.keep.__bi_ptr60
                0x0000000010009ce0        0x4 CMakeFiles/untamo.dir/home/bryy/.pico-sdk/sdk/2.3.0/src/rp2_common/pico_standard_binary_info/standard_binary_info.c.o
 .binary_info.keep.__bi_ptr78
                0x0000000010009ce4        0x4 CMakeFiles/untamo.dir/home/bryy/.pico-sdk/sdk/2.3.0/src/rp2_common/pico_standard_binary_info/standard_binary_info.c.o
 .binary_info.keep.__bi_ptr84
                0x0000000010009ce8        0x4 CMakeFiles/untamo.dir/home/bryy/.pico-sdk/sdk/2.3.0/src/rp2_common/pico_standard_binary_info/standard_binary_info.c.o
 *(.binary_info.*)
 .binary_info.__bi_ptr204
                0x0000000010009cec        0x4 CMakeFiles/untamo.dir/home/bryy/.pico-sdk/sdk/2.3.0/src/rp2_common/pico_stdio_usb/stdio_usb.c.o
                0x0000000010009cf0                __binary_info_end = .
                0x0000000010009cf0                . = ALIGN (0x4)

.psram_load     0x0000000011000000        0x0 load address 0x0000000010009cf0
                0x0000000011000000                __psram_start__ = .
                0x0000000011000000                __psram_load_start__ = .
 *(SORT_BY_NAME(.psram_initialised.*))
                0x0000000011000000                . = ALIGN (0x4)
                0x0000000011000000                __psram_load_end__ = .
                0x0000000010009cf0                __psram_load_source__ = LOADADDR (.psram_load)

.psram_noload   0x0000000011000000        0x0 load address 0x0000000010009cf0
 *(SORT_BY_NAME(.psram_uninitialised.*))
                0x0000000011000000                . = ALIGN (0x4)
                0x0000000011000000                __psram_end__ = .

.xip_ram        0x0000000013ffc000        0x0 load address 0x0000000010009cf0
                0x0000000013ffc000                __xip_ram_start__ = .
                0x0000000013ffc000                . = ALIGN (0x4)
 *(.xip_ram*)
                0x0000000013ffc000                . = ALIGN (0x4)
                0x0000000013ffc000                __xip_ram_end__ = .
                0x0000000010009cf0                __xip_ram_source__ = LOADADDR (.xip_ram)

.ram_vector_table
                0x0000000020000000      0x110
 *(.ram_vector_table)
 .ram_vector_table
                0x0000000020000000      0x110 CMakeFiles/untamo.dir/home/bryy/.pico-sdk/sdk/2.3.0/src/rp2_common/pico_runtime_init/runtime_init.c.o
                0x0000000020000000                ram_vector_table

.uninitialized_data
                0x0000000020000110        0x0
                0x0000000020000110                . = ALIGN (0x4)
 *(.uninitialized_data*)

.data           0x0000000020000110     0x1b18 load address 0x0000000010009cf0
                0x0000000020000110                __data_start__ = .
 *(vtable)
 *(.time_critical*)
 .time_critical.mutex_try_enter
                0x0000000020000110       0x54 CMakeFiles/untamo.dir/home/bryy/.pico-sdk/sdk/2.3.0/src/common/pico_sync/mutex.c.o
                0x0000000020000110                mutex_try_enter
 .time_critical.mutex_enter_block_until
                0x0000000020000164       0x94 CMakeFiles/untamo.dir/home/bryy/.pico-sdk/sdk/2.3.0/src/common/pico_sync/mutex.c.o
                0x0000000020000164                mutex_enter_block_until
 .time_critical.mutex_try_enter_block_until
                0x00000000200001f8       0x34 CMakeFiles/untamo.dir/home/bryy/.pico-sdk/sdk/2.3.0/src/common/pico_sync/mutex.c.o
                0x00000000200001f8                mutex_try_enter_block_until
 .time_critical.mutex_enter_timeout_ms
                0x000000002000022c       0x2c CMakeFiles/untamo.dir/home/bryy/.pico-sdk/sdk/2.3.0/src/common/pico_sync/mutex.c.o
                0x000000002000022c                mutex_enter_timeout_ms
 .time_critical.mutex_exit
                0x0000000020000258       0x48 CMakeFiles/untamo.dir/home/bryy/.pico-sdk/sdk/2.3.0/src/common/pico_sync/mutex.c.o
                0x0000000020000258                mutex_exit
 .time_critical.reset_non_control_endpoints
                0x00000000200002a0       0x64 CMakeFiles/untamo.dir/home/bryy/.pico-sdk/sdk/2.3.0/lib/tinyusb/src/portable/raspberrypi/rp2040/dcd_rp2040.c.o
 .time_critical.hw_handle_buff_status
                0x0000000020000304       0xa0 CMakeFiles/untamo.dir/home/bryy/.pico-sdk/sdk/2.3.0/lib/tinyusb/src/portable/raspberrypi/rp2040/dcd_rp2040.c.o
 .time_critical.dcd_rp2040_irq
                0x00000000200003a4      0x4f8 CMakeFiles/untamo.dir/home/bryy/.pico-sdk/sdk/2.3.0/lib/tinyusb/src/portable/raspberrypi/rp2040/dcd_rp2040.c.o
 .time_critical.prepare_ep_buffer
                0x000000002000089c       0xc8 CMakeFiles/untamo.dir/home/bryy/.pico-sdk/sdk/2.3.0/lib/tinyusb/src/portable/raspberrypi/rp2040/rp2040_usb.c.o
 .time_critical.sync_ep_buffer
                0x0000000020000964       0xb8 CMakeFiles/untamo.dir/home/bryy/.pico-sdk/sdk/2.3.0/lib/tinyusb/src/portable/raspberrypi/rp2040/rp2040_usb.c.o
 .time_critical._hw_endpoint_xfer_sync
                0x0000000020000a1c       0x2c CMakeFiles/untamo.dir/home/bryy/.pico-sdk/sdk/2.3.0/lib/tinyusb/src/portable/raspberrypi/rp2040/rp2040_usb.c.o
 .time_critical.e15_is_bulkin_ep
                0x0000000020000a48       0x28 CMakeFiles/untamo.dir/home/bryy/.pico-sdk/sdk/2.3.0/lib/tinyusb/src/portable/raspberrypi/rp2040/rp2040_usb.c.o
 .time_critical.e15_is_critical_frame_period
                0x0000000020000a70       0x28 CMakeFiles/untamo.dir/home/bryy/.pico-sdk/sdk/2.3.0/lib/tinyusb/src/portable/raspberrypi/rp2040/rp2040_usb.c.o
 .time_critical.hw_endpoint_reset_transfer
                0x0000000020000a98        0xc CMakeFiles/untamo.dir/home/bryy/.pico-sdk/sdk/2.3.0/lib/tinyusb/src/portable/raspberrypi/rp2040/rp2040_usb.c.o
                0x0000000020000a98                hw_endpoint_reset_transfer
 .time_critical._hw_endpoint_buffer_control_update32
                0x0000000020000aa4       0x44 CMakeFiles/untamo.dir/home/bryy/.pico-sdk/sdk/2.3.0/lib/tinyusb/src/portable/raspberrypi/rp2040/rp2040_usb.c.o
                0x0000000020000aa4                _hw_endpoint_buffer_control_update32
 .time_critical.hw_endpoint_start_next_buffer
                0x0000000020000ae8       0x64 CMakeFiles/untamo.dir/home/bryy/.pico-sdk/sdk/2.3.0/lib/tinyusb/src/portable/raspberrypi/rp2040/rp2040_usb.c.o
                0x0000000020000ae8                hw_endpoint_start_next_buffer
 .time_critical.hw_endpoint_xfer_continue
                0x0000000020000b4c       0x40 CMakeFiles/untamo.dir/home/bryy/.pico-sdk/sdk/2.3.0/lib/tinyusb/src/portable/raspberrypi/rp2040/rp2040_usb.c.o
                0x0000000020000b4c                hw_endpoint_xfer_continue
 .time_critical.tinyusb
                0x0000000020000b8c      0x214 CMakeFiles/untamo.dir/home/bryy/.pico-sdk/sdk/2.3.0/lib/tinyusb/src/device/usbd.c.o
                0x0000000020000b8c                dcd_event_handler
 .time_critical.spi_write_blocking
                0x0000000020000da0       0x90 CMakeFiles/untamo.dir/home/bryy/.pico-sdk/sdk/2.3.0/src/rp2_common/hardware_spi/spi.c.o
                0x0000000020000da0                spi_write_blocking
 *(.text*)
 .text          0x0000000020000e30       0x30 /usr/lib/gcc/arm-none-eabi/10.3.1/thumb/v8-m.main+fp/softfp/libgcc.a(_aeabi_uldivmod.o)
                0x0000000020000e30                __aeabi_uldivmod
 .text          0x0000000020000e60      0x2ec /usr/lib/gcc/arm-none-eabi/10.3.1/thumb/v8-m.main+fp/softfp/libgcc.a(_udivmoddi4.o)
                0x0000000020000e60                __udivmoddi4
 .text          0x000000002000114c        0x4 /usr/lib/gcc/arm-none-eabi/10.3.1/thumb/v8-m.main+fp/softfp/libgcc.a(_dvmd_tls.o)
                0x000000002000114c                __aeabi_ldiv0
                0x000000002000114c                __aeabi_idiv0
 .text          0x0000000020001150       0xec /usr/lib/gcc/arm-none-eabi/10.3.1/../../../arm-none-eabi/lib/thumb/v8-m.main+fp/softfp/libg.a(lib_a-memcpy.o)
                0x0000000020001150                memcpy
 .text          0x000000002000123c       0xa4 /usr/lib/gcc/arm-none-eabi/10.3.1/../../../arm-none-eabi/lib/thumb/v8-m.main+fp/softfp/libg.a(lib_a-memset.o)
                0x000000002000123c                memset
 .text.__stub   0x00000000200012e0       0x28 linker stubs
                0x0000000020001308                . = ALIGN (0x4)
 *(.rodata*)
                0x0000000020001308                . = ALIGN (0x4)
                [!provide]                        PROVIDE (__emutls_array_start = .)
 *(.*.__emutls_v.*)
                [!provide]                        PROVIDE (__emutls_array_end = .)
                0x0000000020001308                . = ALIGN (0x4)
 *(.data*)
 .data.going_up
                0x0000000020001308        0x1 CMakeFiles/untamo.dir/noods.c.o
 .data.striped_spin_lock_num
                0x0000000020001309        0x1 CMakeFiles/untamo.dir/home/bryy/.pico-sdk/sdk/2.3.0/src/rp2_common/hardware_sync/sync.c.o
 *fill*         0x000000002000130a        0x2 
 .data          0x000000002000130c       0x60 CMakeFiles/untamo.dir/home/bryy/.pico-sdk/sdk/2.3.0/src/rp2_common/hardware_irq/irq_handler_chain.S.o
                0x000000002000130c                irq_handler_chain_slots
                0x0000000020001354                irq_handler_chain_first_slot
                0x000000002000135e                irq_handler_chain_remove_tail
 .data.default_alarm_pool
                0x000000002000136c       0x18 CMakeFiles/untamo.dir/home/bryy/.pico-sdk/sdk/2.3.0/src/common/pico_time/time.c.o
 *fill*         0x0000000020001384        0x4 
 .data.last_added.0
                0x0000000020001388        0x8 CMakeFiles/untamo.dir/home/bryy/.pico-sdk/sdk/2.3.0/src/common/pico_time/time.c.o
 .data.stdio_usb
                0x0000000020001390       0x18 CMakeFiles/untamo.dir/home/bryy/.pico-sdk/sdk/2.3.0/src/rp2_common/pico_stdio_usb/stdio_usb.c.o
                0x0000000020001390                stdio_usb
 .data._usbd_qdef
                0x00000000200013a8       0x1c CMakeFiles/untamo.dir/home/bryy/.pico-sdk/sdk/2.3.0/lib/tinyusb/src/device/usbd.c.o
                0x00000000200013a8                _usbd_qdef
 .data._usbd_rhport
                0x00000000200013c4        0x1 CMakeFiles/untamo.dir/home/bryy/.pico-sdk/sdk/2.3.0/lib/tinyusb/src/device/usbd.c.o
 *fill*         0x00000000200013c5        0x3 
 .data.i2c1_inst